This is pdfTeX, Version 3.141592653-2.6-1.40.29 (MiKTeX 26.2) (preloaded format=pdflatex 2026.5.2)  8 JUL 2026 14:34
entering extended mode
 \write18 enabled.
 %&-line parsing enabled.
**./TFG_Teleco.tex
(TFG_Teleco.tex
LaTeX2e <2025-11-01>
L3 programming layer <2026-03-20>
(C:\Users\andre\AppData\Local\Programs\MiKTeX\tex/latex/base\article.cls
Document Class: article 2025/01/22 v1.4n Standard LaTeX document class
(C:\Users\andre\AppData\Local\Programs\MiKTeX\tex/latex/base\size12.clo
File: size12.clo 2025/01/22 v1.4n Standard LaTeX file (size option)
)
\c@part=\count275
\c@section=\count276
\c@subsection=\count277
\c@subsubsection=\count278
\c@paragraph=\count279
\c@subparagraph=\count280
\c@figure=\count281
\c@table=\count282
\abovecaptionskip=\skip49
\belowcaptionskip=\skip50
\bibindent=\dimen150
)
(C:\Users\andre\AppData\Local\Programs\MiKTeX\tex/latex/graphics\graphicx.sty
Package: graphicx 2024/12/31 v1.2e Enhanced LaTeX Graphics (DPC,SPQR)

(C:\Users\andre\AppData\Local\Programs\MiKTeX\tex/latex/graphics\keyval.sty
Package: keyval 2022/05/29 v1.15 key=value parser (DPC)
\KV@toks@=\toks17
)
(C:\Users\andre\AppData\Local\Programs\MiKTeX\tex/latex/graphics\graphics.sty
Package: graphics 2024/08/06 v1.4g Standard LaTeX Graphics (DPC,SPQR)

(C:\Users\andre\AppData\Local\Programs\MiKTeX\tex/latex/graphics\trig.sty
Package: trig 2023/12/02 v1.11 sin cos tan (DPC)
)
(C:\Users\andre\AppData\Local\Programs\MiKTeX\tex/latex/graphics-cfg\graphics.c
fg
File: graphics.cfg 2016/06/04 v1.11 sample graphics configuration
)
Package graphics Info: Driver file: pdftex.def on input line 106.

(C:\Users\andre\AppData\Local\Programs\MiKTeX\tex/latex/graphics-def\pdftex.def
File: pdftex.def 2025/09/29 v1.2d Graphics/color driver for pdftex
))
\Gin@req@height=\dimen151
\Gin@req@width=\dimen152
)
(C:\Users\andre\AppData\Local\Programs\MiKTeX\tex/latex/placeins\placeins.sty
Package: placeins 2005/04/18  v 2.2
)
(C:\Users\andre\AppData\Local\Programs\MiKTeX\tex/latex/caption\subcaption.sty
Package: subcaption 2023/07/28 v1.6b Sub-captions (AR)

(C:\Users\andre\AppData\Local\Programs\MiKTeX\tex/latex/caption\caption.sty
Package: caption 2023/08/05 v3.6o Customizing captions (AR)

(C:\Users\andre\AppData\Local\Programs\MiKTeX\tex/latex/caption\caption3.sty
Package: caption3 2023/07/31 v2.4d caption3 kernel (AR)
\caption@tempdima=\dimen153
\captionmargin=\dimen154
\caption@leftmargin=\dimen155
\caption@rightmargin=\dimen156
\caption@width=\dimen157
\caption@indent=\dimen158
\caption@parindent=\dimen159
\caption@hangindent=\dimen160
Package caption Info: Standard document class detected.
)
\c@caption@flags=\count283
\c@continuedfloat=\count284
)
Package caption Info: New subtype `subfigure' on input line 238.
\c@subfigure=\count285
Package caption Info: New subtype `subtable' on input line 238.
\c@subtable=\count286
) (C:\Users\andre\AppData\Local\Programs\MiKTeX\tex/latex/geometry\geometry.sty
Package: geometry 2026/03/07 v6.0 Page Geometry

(C:\Users\andre\AppData\Local\Programs\MiKTeX\tex/generic/iftex\ifvtex.sty
Package: ifvtex 2019/10/25 v1.7 ifvtex legacy package. Use iftex instead.

(C:\Users\andre\AppData\Local\Programs\MiKTeX\tex/generic/iftex\iftex.sty
Package: iftex 2024/12/12 v1.0g TeX engine tests
))
\Gm@cnth=\count287
\Gm@cntv=\count288
\c@Gm@tempcnt=\count289
\Gm@bindingoffset=\dimen161
\Gm@wd@mp=\dimen162
\Gm@odd@mp=\dimen163
\Gm@even@mp=\dimen164
\Gm@layoutwidth=\dimen165
\Gm@layoutheight=\dimen166
\Gm@layouthoffset=\dimen167
\Gm@layoutvoffset=\dimen168
\Gm@dimlist=\toks18

(C:\Users\andre\AppData\Local\Programs\MiKTeX\tex/latex/geometry\geometry.cfg))
(C:\Users\andre\AppData\Local\Programs\MiKTeX\tex/generic/babel\babel.sty
Package: babel 2026/04/15 v26.6 The multilingual framework for LuaLaTeX, pdfLaT
eX and XeLaTeX
\babel@savecnt=\count290
LaTeX Encoding Info:    Redeclaring text command \ij (encoding OT1) on input li
ne 2078.
LaTeX Encoding Info:    Redeclaring text command \IJ (encoding OT1) on input li
ne 2080.
LaTeX Encoding Info:    Redeclaring text command \ij (encoding T1) on input lin
e 2082.
LaTeX Encoding Info:    Redeclaring text command \IJ (encoding T1) on input lin
e 2083.
LaTeX Encoding Info:    Ignoring declaration for text command \ij (encoding ?) 
on input line 2084.
LaTeX Encoding Info:    Ignoring declaration for text command \IJ (encoding ?) 
on input line 2086.
LaTeX Encoding Info:    Ignoring declaration for text command \SS (encoding ?) 
on input line 2111.
\U@D=\dimen169
\l@unhyphenated=\language10

(C:\Users\andre\AppData\Local\Programs\MiKTeX\tex/generic/babel\txtbabel.def)
\bbl@readstream=\read2
\bbl@dirlevel=\count291
Package babel Info: Configuration files are deprecated, as
(babel)             they can break document portability.
(babel)             Reported on input line 4206.

*************************************
* Local config file bblopts.cfg used
*
(C:\Users\andre\AppData\Local\Programs\MiKTeX\tex/latex/arabi\bblopts.cfg
File: bblopts.cfg 2005/09/08 v0.1 add Arabic and Farsi to "declared" options of
 babel
)
(C:\Users\andre\AppData\Local\Programs\MiKTeX\tex/generic/babel/locale/es\babel
-spanish.tex)
Package babel Info: Importing font and identification data for spanish
(babel)             from babel-es.ini. Reported on input line 4330.

(C:\Users\andre\AppData\Local\Programs\MiKTeX\tex/latex/babel-spanish\spanish.l
df
Language: spanish.ldf 2021/05/27 v5.0q Spanish support from the babel system
\es@quottoks=\toks19
\es@quotdepth=\count292
Package babel Info: Making " an active character on input line 570.
Package babel Info: Making . an active character on input line 675.
Package babel Info: Making < an active character on input line 722.
Package babel Info: Making > an active character on input line 722.
))
LaTeX Encoding Info:    Redeclaring text command \guillemotleft (encoding OT1) 
on input line 7.
LaTeX Encoding Info:    Redeclaring text command \guillemotright (encoding OT1)
 on input line 7.
LaTeX Info: Redefining \. on input line 7.
LaTeX Info: Redefining \% on input line 7.
Package babel Info: 'spanish' activates 'spanish' shorthands.
(babel)             Reported on input line 7.

(C:\Users\andre\AppData\Local\Programs\MiKTeX\tex/latex/siunitx\siunitx.sty
Package: siunitx 2026-04-15 v3.5.4 A comprehensive (SI) units package
\l__siunitx_number_uncert_offset_int=\count293
\l__siunitx_number_exponent_fixed_int=\count294
\l__siunitx_number_min_decimal_int=\count295
\l__siunitx_number_min_integer_int=\count296
\l__siunitx_number_round_precision_int=\count297
\l__siunitx_number_lower_threshold_int=\count298
\l__siunitx_number_upper_threshold_int=\count299
\l__siunitx_number_group_first_int=\count300
\l__siunitx_number_group_size_int=\count301
\l__siunitx_number_group_min_int=\count302
\l__siunitx_number_group_minimum_int=\count303
\l__siunitx_compound_count_int=\count304

(C:\Users\andre\AppData\Local\Programs\MiKTeX\tex/latex/translations\translatio
ns.sty
Package: translations 2022/02/05 v1.12 internationalization of LaTeX2e packages
 (CN)

(C:\Users\andre\AppData\Local\Programs\MiKTeX\tex/latex/etoolbox\etoolbox.sty
Package: etoolbox 2025/10/02 v2.5m e-TeX tools for LaTeX (JAW)
\etb@tempcnta=\count305
)
(C:\Users\andre\AppData\Local\Programs\MiKTeX\tex/generic/pdftexcmds\pdftexcmds
.sty
Package: pdftexcmds 2020-06-27 v0.33 Utility functions of pdfTeX for LuaTeX (HO
)

(C:\Users\andre\AppData\Local\Programs\MiKTeX\tex/generic/infwarerr\infwarerr.s
ty
Package: infwarerr 2019/12/03 v1.5 Providing info/warning/error messages (HO)
)
(C:\Users\andre\AppData\Local\Programs\MiKTeX\tex/generic/ltxcmds\ltxcmds.sty
Package: ltxcmds 2023-12-04 v1.26 LaTeX kernel commands for general use (HO)
)
Package pdftexcmds Info: \pdf@primitive is available.
Package pdftexcmds Info: \pdf@ifprimitive is available.
Package pdftexcmds Info: \pdfdraftmode found.
)) (C:\Users\andre\AppData\Local\Programs\MiKTeX\tex/latex/amsmath\amstext.sty
Package: amstext 2024/11/17 v2.01 AMS text

(C:\Users\andre\AppData\Local\Programs\MiKTeX\tex/latex/amsmath\amsgen.sty
File: amsgen.sty 1999/11/30 v2.0 generic functions
\@emptytoks=\toks20
\ex@=\dimen170
))
\l__siunitx_table_tmp_box=\box53
\l__siunitx_table_tmp_dim=\dimen171
\l__siunitx_table_column_width_dim=\dimen172
\l__siunitx_table_integer_box=\box54
\l__siunitx_table_decimal_box=\box55
\l__siunitx_table_uncert_box=\box56
\l__siunitx_table_before_box=\box57
\l__siunitx_table_after_box=\box58
\l__siunitx_table_before_dim=\dimen173
\l__siunitx_table_carry_dim=\dimen174
\l__siunitx_unit_tmp_int=\count306
\l__siunitx_unit_position_int=\count307
\l__siunitx_unit_total_int=\count308
\l__siunitx_sexagesimal_tmp_dim=\dimen175
\l__siunitx_sexagesimal_marker_box=\box59
\l__siunitx_sexagesimal_unit_box=\box60

(C:\Users\andre\AppData\Local\Programs\MiKTeX\tex/latex/tools\array.sty
Package: array 2025/09/25 v2.6n Tabular extension package (FMi)
\col@sep=\dimen176
\ar@mcellbox=\box61
\extrarowheight=\dimen177
\NC@list=\toks21
\extratabsurround=\skip51
\backup@length=\skip52
\ar@cellbox=\box62
))
(C:\Users\andre\AppData\Local\Programs\MiKTeX\tex/latex/amsmath\amsmath.sty
Package: amsmath 2025/07/09 v2.17z AMS math features
\@mathmargin=\skip53

For additional information on amsmath, use the `?' option.
(C:\Users\andre\AppData\Local\Programs\MiKTeX\tex/latex/amsmath\amsbsy.sty
Package: amsbsy 1999/11/29 v1.2d Bold Symbols
\pmbraise@=\dimen178
)
(C:\Users\andre\AppData\Local\Programs\MiKTeX\tex/latex/amsmath\amsopn.sty
Package: amsopn 2022/04/08 v2.04 operator names
)
\inf@bad=\count309
LaTeX Info: Redefining \frac on input line 233.
\uproot@=\count310
\leftroot@=\count311
LaTeX Info: Redefining \overline on input line 398.
LaTeX Info: Redefining \colon on input line 409.
\classnum@=\count312
\DOTSCASE@=\count313
LaTeX Info: Redefining \ldots on input line 495.
LaTeX Info: Redefining \dots on input line 498.
LaTeX Info: Redefining \cdots on input line 619.
\Mathstrutbox@=\box63
\strutbox@=\box64
LaTeX Info: Redefining \big on input line 721.
LaTeX Info: Redefining \Big on input line 722.
LaTeX Info: Redefining \bigg on input line 723.
LaTeX Info: Redefining \Bigg on input line 724.
\big@size=\dimen179
LaTeX Font Info:    Redeclaring font encoding OML on input line 742.
LaTeX Font Info:    Redeclaring font encoding OMS on input line 743.
\macc@depth=\count314
LaTeX Info: Redefining \bmod on input line 904.
LaTeX Info: Redefining \pmod on input line 909.
LaTeX Info: Redefining \smash on input line 939.
LaTeX Info: Redefining \relbar on input line 969.
LaTeX Info: Redefining \Relbar on input line 970.
\c@MaxMatrixCols=\count315
\dotsspace@=\muskip17
\c@parentequation=\count316
\dspbrk@lvl=\count317
\tag@help=\toks22
\row@=\count318
\column@=\count319
\maxfields@=\count320
\andhelp@=\toks23
\eqnshift@=\dimen180
\alignsep@=\dimen181
\tagshift@=\dimen182
\tagwidth@=\dimen183
\totwidth@=\dimen184
\lineht@=\dimen185
\@envbody=\toks24
\multlinegap=\skip54
\multlinetaggap=\skip55
\mathdisplay@stack=\toks25
LaTeX Info: Redefining \[ on input line 2950.
LaTeX Info: Redefining \] on input line 2951.
)
(C:\Users\andre\AppData\Local\Programs\MiKTeX\tex/latex/booktabs\booktabs.sty
Package: booktabs 2020/01/12 v1.61803398 Publication quality tables
\heavyrulewidth=\dimen186
\lightrulewidth=\dimen187
\cmidrulewidth=\dimen188
\belowrulesep=\dimen189
\belowbottomsep=\dimen190
\aboverulesep=\dimen191
\abovetopsep=\dimen192
\cmidrulesep=\dimen193
\cmidrulekern=\dimen194
\defaultaddspace=\dimen195
\@cmidla=\count321
\@cmidlb=\count322
\@aboverulesep=\dimen196
\@belowrulesep=\dimen197
\@thisruleclass=\count323
\@lastruleclass=\count324
\@thisrulewidth=\dimen198
)
(C:\Users\andre\AppData\Local\Programs\MiKTeX\tex/latex/tools\longtable.sty
Package: longtable 2025-10-13 v4.24 Multi-page Table package (DPC)
\LTleft=\skip56
\LTright=\skip57
\LTpre=\skip58
\LTpost=\skip59
\LTchunksize=\count325
\LTcapwidth=\dimen199
\LT@head=\box65
\LT@firsthead=\box66
\LT@foot=\box67
\LT@lastfoot=\box68
\LT@gbox=\box69
\LT@cols=\count326
\LT@rows=\count327
\c@LT@tables=\count328
\c@LT@chunks=\count329
\LT@p@ftn=\toks26
)
(C:\Users\andre\AppData\Local\Programs\MiKTeX\tex/latex/physics\physics.sty
Package: physics 

(C:\Users\andre\AppData\Local\Programs\MiKTeX\tex/latex/l3packages/xparse\xpars
e.sty
(C:\Users\andre\AppData\Local\Programs\MiKTeX\tex/latex/l3kernel\expl3.sty
Package: expl3 2026-03-20 L3 programming layer (loader) 

(C:\Users\andre\AppData\Local\Programs\MiKTeX\tex/latex/l3backend\l3backend-pdf
tex.def
File: l3backend-pdftex.def 2026-02-18 L3 backend support: PDF output (pdfTeX)
\l__color_backend_stack_int=\count330
))
Package: xparse 2025-10-09 L3 Experimental document command parser
))
(C:\Users\andre\AppData\Local\Programs\MiKTeX\tex/latex/gensymb\gensymb.sty
Package: gensymb 2022/10/17 v1.0.2 (KJH)
)
(C:\Users\andre\AppData\Local\Programs\MiKTeX\tex/latex/base\inputenc.sty
Package: inputenc 2024/02/08 v1.3d Input encoding file
\inpenc@prehook=\toks27
\inpenc@posthook=\toks28
)
(C:\Users\andre\AppData\Local\Programs\MiKTeX\tex/latex/base\fontenc.sty
Package: fontenc 2025/07/18 v2.1d Standard LaTeX package
)
(C:\Users\andre\AppData\Local\Programs\MiKTeX\tex/latex/amsfonts\amsfonts.sty
Package: amsfonts 2013/01/14 v3.01 Basic AMSFonts support
\symAMSa=\mathgroup4
\symAMSb=\mathgroup5
LaTeX Font Info:    Redeclaring math symbol \hbar on input line 98.
LaTeX Font Info:    Overwriting math alphabet `\mathfrak' in version `bold'
(Font)                  U/euf/m/n --> U/euf/b/n on input line 106.
)
(C:\Users\andre\AppData\Local\Programs\MiKTeX\tex/latex/amsfonts\amssymb.sty
Package: amssymb 2013/01/14 v3.01 AMS font symbols
)
(C:\Users\andre\AppData\Local\Programs\MiKTeX\tex/latex/xcolor\xcolor.sty
Package: xcolor 2024/09/29 v3.02 LaTeX color extensions (UK)

(C:\Users\andre\AppData\Local\Programs\MiKTeX\tex/latex/graphics-cfg\color.cfg
File: color.cfg 2016/01/02 v1.6 sample color configuration
)
Package xcolor Info: Driver file: pdftex.def on input line 274.
(C:\Users\andre\AppData\Local\Programs\MiKTeX\tex/latex/graphics\mathcolor.ltx)
Package xcolor Info: Model `cmy' substituted by `cmy0' on input line 1349.
Package xcolor Info: Model `hsb' substituted by `rgb' on input line 1353.
Package xcolor Info: Model `RGB' extended on input line 1365.
Package xcolor Info: Model `HTML' substituted by `rgb' on input line 1367.
Package xcolor Info: Model `Hsb' substituted by `hsb' on input line 1368.
Package xcolor Info: Model `tHsb' substituted by `hsb' on input line 1369.
Package xcolor Info: Model `HSB' substituted by `hsb' on input line 1370.
Package xcolor Info: Model `Gray' substituted by `gray' on input line 1371.
Package xcolor Info: Model `wave' substituted by `hsb' on input line 1372.
) (C:\Users\andre\AppData\Local\Programs\MiKTeX\tex/latex/listings\listings.sty
\lst@mode=\count331
\lst@gtempboxa=\box70
\lst@token=\toks29
\lst@length=\count332
\lst@currlwidth=\dimen256
\lst@column=\count333
\lst@pos=\count334
\lst@lostspace=\dimen257
\lst@width=\dimen258
\lst@newlines=\count335
\lst@lineno=\count336
\lst@maxwidth=\dimen259
(C:\Users\andre\AppData\Local\Programs\MiKTeX\tex/latex/listings\lstpatch.sty
File: lstpatch.sty 2025/11/14 1.11b (Carsten Heinz)
)
(C:\Users\andre\AppData\Local\Programs\MiKTeX\tex/latex/listings\lstmisc.sty
File: lstmisc.sty 2025/11/14 1.11b (Carsten Heinz)
\c@lstnumber=\count337
\lst@skipnumbers=\count338
\lst@framebox=\box71
)
(C:\Users\andre\AppData\Local\Programs\MiKTeX\tex/latex/listings\listings.cfg
File: listings.cfg 2025/11/14 1.11b listings configuration
))
Package: listings 2025/11/14 1.11b (Carsten Heinz)
==> First Aid for listings.sty no longer applied!
    Expected:
        2024/09/23 1.10c (Carsten Heinz)
    but found:
        2025/11/14 1.11b (Carsten Heinz)
    so I'm assuming it got fixed.
(C:\Users\andre\AppData\Local\Programs\MiKTeX\tex/latex/float\float.sty
Package: float 2001/11/08 v1.3d Float enhancements (AL)
\c@float@type=\count339
\float@exts=\toks30
\float@box=\box72
\@float@everytoks=\toks31
\@floatcapt=\box73
)
(C:\Users\andre\AppData\Local\Programs\MiKTeX\tex/latex/url\url.sty
\Urlmuskip=\muskip18
Package: url 2013/09/16  ver 3.4  Verb mode for urls, etc.
)
(C:\Users\andre\AppData\Local\Programs\MiKTeX\tex/latex/cite\cite.sty
LaTeX Info: Redefining \cite on input line 302.
LaTeX Info: Redefining \nocite on input line 332.
Package: cite 2015/02/27  v 5.5
)
(C:\Users\andre\AppData\Local\Programs\MiKTeX\tex/latex/svg\svg.sty
Package: svg 2020/11/26 v2.02k (include SVG pictures)

(C:\Users\andre\AppData\Local\Programs\MiKTeX\tex/latex/koma-script\scrbase.sty
Package: scrbase 2026/02/02 v3.49.2 KOMA-Script package (KOMA-Script-independen
t basics and keyval usage)

(C:\Users\andre\AppData\Local\Programs\MiKTeX\tex/latex/koma-script\scrlfile.st
y
Package: scrlfile 2026/02/02 v3.49.2 KOMA-Script package (file load hooks)

(C:\Users\andre\AppData\Local\Programs\MiKTeX\tex/latex/koma-script\scrlfile-ho
ok.sty
Package: scrlfile-hook 2026/02/02 v3.49.2 KOMA-Script package (using LaTeX hook
s)

(C:\Users\andre\AppData\Local\Programs\MiKTeX\tex/latex/koma-script\scrlogo.sty
Package: scrlogo 2026/02/02 v3.49.2 KOMA-Script package (logo)
)))
Applying: [2021/05/01] Usage of raw or classic option list on input line 254.
Already applied: [0000/00/00] Usage of raw or classic option list on input line
 370.
)
(C:\Users\andre\AppData\Local\Programs\MiKTeX\tex/latex/trimspaces\trimspaces.s
ty
Package: trimspaces 2009/09/17 v1.1 Trim spaces around a token list
) (C:\Users\andre\AppData\Local\Programs\MiKTeX\tex/latex/tools\shellesc.sty
Package: shellesc 2023/07/08 v1.0d unified shell escape interface for LaTeX
Package shellesc Info: Unrestricted shell escape enabled on input line 75.
)
(C:\Users\andre\AppData\Local\Programs\MiKTeX\tex/latex/ifplatform\ifplatform.s
ty
Package: ifplatform 2017/10/13 v0.4a Testing for the operating system

(C:\Users\andre\AppData\Local\Programs\MiKTeX\tex/generic/catchfile\catchfile.s
ty
Package: catchfile 2019/12/09 v1.8 Catch the contents of a file (HO)

(C:\Users\andre\AppData\Local\Programs\MiKTeX\tex/generic/etexcmds\etexcmds.sty
Package: etexcmds 2019/12/15 v1.7 Avoid name clashes with e-TeX commands (HO)
)) (C:\Users\andre\AppData\Local\Programs\MiKTeX\tex/generic/iftex\ifluatex.sty
Package: ifluatex 2019/10/25 v1.5 ifluatex legacy package. Use iftex instead.
))
\c@svg@param@lastpage=\count340
\svg@box=\box74
\c@svg@param@currpage=\count341
)
(C:\Users\andre\AppData\Local\Programs\MiKTeX\tex/latex/transparent\transparent
.sty
Package: transparent 2025-06-23 v1.6 Transparency with color stacks

(C:\Users\andre\AppData\Local\Programs\MiKTeX\tex/latex/transparent\transparent
-nometadata.sty
Package: transparent-nometadata 2025-06-23 v1.6 Transparency via pdfTeX's color
 stack (HO)

(C:\Users\andre\AppData\Local\Programs\MiKTeX\tex/latex/auxhook\auxhook.sty
Package: auxhook 2019-12-17 v1.6 Hooks for auxiliary files (HO)
)))
(C:\Users\andre\AppData\Local\Programs\MiKTeX\tex/latex/pgf/systemlayer\pgfsys.
sty
(C:\Users\andre\AppData\Local\Programs\MiKTeX\tex/latex/pgf/utilities\pgfrcs.st
y
(C:\Users\andre\AppData\Local\Programs\MiKTeX\tex/generic/pgf/utilities\pgfutil
-common.tex
\pgfutil@everybye=\toks32
\pgfutil@tempdima=\dimen260
\pgfutil@tempdimb=\dimen261
)
(C:\Users\andre\AppData\Local\Programs\MiKTeX\tex/generic/pgf/utilities\pgfutil
-latex.def
\pgfutil@abb=\box75
)
(C:\Users\andre\AppData\Local\Programs\MiKTeX\tex/generic/pgf/utilities\pgfrcs.
code.tex
(C:\Users\andre\AppData\Local\Programs\MiKTeX\tex/generic/pgf\pgf.revision.tex)
Package: pgfrcs 2025-08-29 v3.1.11a (3.1.11a)
))
(C:\Users\andre\AppData\Local\Programs\MiKTeX\tex/generic/pgf/systemlayer\pgfsy
s.code.tex
Package: pgfsys 2025-08-29 v3.1.11a (3.1.11a)

(C:\Users\andre\AppData\Local\Programs\MiKTeX\tex/generic/pgf/utilities\pgfkeys
.code.tex
\pgfkeys@pathtoks=\toks33
\pgfkeys@temptoks=\toks34

(C:\Users\andre\AppData\Local\Programs\MiKTeX\tex/generic/pgf/utilities\pgfkeys
libraryfiltered.code.tex
\pgfkeys@tmptoks=\toks35
))
\pgf@x=\dimen262
\pgf@y=\dimen263
\pgf@xa=\dimen264
\pgf@ya=\dimen265
\pgf@xb=\dimen266
\pgf@yb=\dimen267
\pgf@xc=\dimen268
\pgf@yc=\dimen269
\pgf@xd=\dimen270
\pgf@yd=\dimen271
\w@pgf@writea=\write3
\r@pgf@reada=\read3
\c@pgf@counta=\count342
\c@pgf@countb=\count343
\c@pgf@countc=\count344
\c@pgf@countd=\count345
\t@pgf@toka=\toks36
\t@pgf@tokb=\toks37
\t@pgf@tokc=\toks38
\pgf@sys@id@count=\count346

(C:\Users\andre\AppData\Local\Programs\MiKTeX\tex/generic/pgf/systemlayer\pgf.c
fg
File: pgf.cfg 2025-08-29 v3.1.11a (3.1.11a)
)
Driver file for pgf: pgfsys-pdftex.def

(C:\Users\andre\AppData\Local\Programs\MiKTeX\tex/generic/pgf/systemlayer\pgfsy
s-pdftex.def
File: pgfsys-pdftex.def 2025-08-29 v3.1.11a (3.1.11a)

(C:\Users\andre\AppData\Local\Programs\MiKTeX\tex/generic/pgf/systemlayer\pgfsy
s-common-pdf.def
File: pgfsys-common-pdf.def 2025-08-29 v3.1.11a (3.1.11a)
)))
(C:\Users\andre\AppData\Local\Programs\MiKTeX\tex/generic/pgf/systemlayer\pgfsy
ssoftpath.code.tex
File: pgfsyssoftpath.code.tex 2025-08-29 v3.1.11a (3.1.11a)
\pgfsyssoftpath@smallbuffer@items=\count347
\pgfsyssoftpath@bigbuffer@items=\count348
)
(C:\Users\andre\AppData\Local\Programs\MiKTeX\tex/generic/pgf/systemlayer\pgfsy
sprotocol.code.tex
File: pgfsysprotocol.code.tex 2025-08-29 v3.1.11a (3.1.11a)
))
(C:\Users\andre\AppData\Local\Programs\MiKTeX\tex/latex/adjustbox\adjustbox.sty
Package: adjustbox 2025/02/26 v1.3c Adjusting TeX boxes (trim, clip, ...)
(C:\Users\andre\AppData\Local\Programs\MiKTeX\tex/latex/xkeyval\xkeyval.sty
Package: xkeyval 2022/06/16 v2.9 package option processing (HA)

(C:\Users\andre\AppData\Local\Programs\MiKTeX\tex/generic/xkeyval\xkeyval.tex
(C:\Users\andre\AppData\Local\Programs\MiKTeX\tex/generic/xkeyval\xkvutils.tex
\XKV@toks=\toks39
\XKV@tempa@toks=\toks40
)
\XKV@depth=\count349
File: xkeyval.tex 2014/12/03 v2.7a key=value parser (HA)
))
(C:\Users\andre\AppData\Local\Programs\MiKTeX\tex/latex/adjustbox\adjcalc.sty
Package: adjcalc 2012/05/16 v1.1 Provides advanced setlength with multiple back
-ends (calc, etex, pgfmath)
)
(C:\Users\andre\AppData\Local\Programs\MiKTeX\tex/latex/adjustbox\trimclip.sty
Package: trimclip 2025/02/21 v1.2a Trim and clip general TeX material

(C:\Users\andre\AppData\Local\Programs\MiKTeX\tex/latex/collectbox\collectbox.s
ty
Package: collectbox 2022/10/17 v0.4c Collect macro arguments as boxes
\collectedbox=\box76
)
\tc@llx=\dimen272
\tc@lly=\dimen273
\tc@urx=\dimen274
\tc@ury=\dimen275
Package trimclip Info: Using driver 'tc-pdftex.def'.

(C:\Users\andre\AppData\Local\Programs\MiKTeX\tex/latex/adjustbox\tc-pdftex.def
File: tc-pdftex.def 2025/02/26 v2.3 Clipping driver for pdftex
))
\adjbox@Width=\dimen276
\adjbox@Height=\dimen277
\adjbox@Depth=\dimen278
\adjbox@Totalheight=\dimen279
\adjbox@pwidth=\dimen280
\adjbox@pheight=\dimen281
\adjbox@pdepth=\dimen282
\adjbox@ptotalheight=\dimen283

(C:\Users\andre\AppData\Local\Programs\MiKTeX\tex/latex/ifoddpage\ifoddpage.sty
Package: ifoddpage 2022/10/18 v1.2 Conditionals for odd/even page detection
\c@checkoddpage=\count350
) (C:\Users\andre\AppData\Local\Programs\MiKTeX\tex/latex/varwidth\varwidth.sty
Package: varwidth 2009/03/30 ver 0.92;  Variable-width minipages
\@vwid@box=\box77
\sift@deathcycles=\count351
\@vwid@loff=\dimen284
\@vwid@roff=\dimen285
)
==> First Aid for varwidth.sty applied!
)
(C:\Users\andre\AppData\Local\Programs\MiKTeX\tex/latex/notoccite\notoccite.sty
Package: notoccite 2000/07/20
) (C:\Users\andre\AppData\Local\Programs\MiKTeX\tex/latex/hyperref\hyperref.sty
Package: hyperref 2026-04-24 v7.01q Hypertext links for LaTeX

(C:\Users\andre\AppData\Local\Programs\MiKTeX\tex/latex/kvsetkeys\kvsetkeys.sty
Package: kvsetkeys 2022-10-05 v1.19 Key value parser (HO)
)
(C:\Users\andre\AppData\Local\Programs\MiKTeX\tex/generic/kvdefinekeys\kvdefine
keys.sty
Package: kvdefinekeys 2019-12-19 v1.6 Define keys (HO)
)
(C:\Users\andre\AppData\Local\Programs\MiKTeX\tex/generic/pdfescape\pdfescape.s
ty
Package: pdfescape 2019/12/09 v1.15 Implements pdfTeX's escape features (HO)
) (C:\Users\andre\AppData\Local\Programs\MiKTeX\tex/latex/hycolor\hycolor.sty
Package: hycolor 2020-01-27 v1.10 Color options for hyperref/bookmark (HO)
) (C:\Users\andre\AppData\Local\Programs\MiKTeX\tex/latex/hyperref\nameref.sty
Package: nameref 2026-01-29 v2.58 Cross-referencing by name of section

(C:\Users\andre\AppData\Local\Programs\MiKTeX\tex/latex/refcount\refcount.sty
Package: refcount 2019/12/15 v3.6 Data extraction from label references (HO)
)
(C:\Users\andre\AppData\Local\Programs\MiKTeX\tex/generic/gettitlestring\gettit
lestring.sty
Package: gettitlestring 2019/12/15 v1.6 Cleanup title references (HO)

(C:\Users\andre\AppData\Local\Programs\MiKTeX\tex/latex/kvoptions\kvoptions.sty
Package: kvoptions 2022-06-15 v3.15 Key value format for package options (HO)
))
\c@section@level=\count352
)
(C:\Users\andre\AppData\Local\Programs\MiKTeX\tex/generic/stringenc\stringenc.s
ty
Package: stringenc 2019/11/29 v1.12 Convert strings between diff. encodings (HO
)
)
\@linkdim=\dimen286
\Hy@linkcounter=\count353
\Hy@pagecounter=\count354
 (C:\Users\andre\AppData\Local\Programs\MiKTeX\tex/latex/hyperref\pd1enc.def
File: pd1enc.def 2026-04-24 v7.01q Hyperref: PDFDocEncoding definition (HO)
Now handling font encoding PD1 ...
... no UTF-8 mapping file for font encoding PD1
) (C:\Users\andre\AppData\Local\Programs\MiKTeX\tex/generic/intcalc\intcalc.sty
Package: intcalc 2019/12/15 v1.3 Expandable calculations with integers (HO)
)
\Hy@SavedSpaceFactor=\count355
 (C:\Users\andre\AppData\Local\Programs\MiKTeX\tex/latex/hyperref\puenc.def
File: puenc.def 2026-04-24 v7.01q Hyperref: PDF Unicode definition (HO)
Now handling font encoding PU ...
... no UTF-8 mapping file for font encoding PU
)
Package hyperref Info: Option `colorlinks' set `true' on input line 4070.
Package hyperref Info: Option `bookmarks' set `true' on input line 4070.
Package hyperref Info: Hyper figures OFF on input line 4199.
Package hyperref Info: Link nesting OFF on input line 4204.
Package hyperref Info: Hyper index ON on input line 4207.
Package hyperref Info: Plain pages OFF on input line 4214.
Package hyperref Info: Backreferencing OFF on input line 4219.
Package hyperref Info: Implicit mode ON; LaTeX internals redefined.
Package hyperref Info: Bookmarks ON on input line 4466.
\c@Hy@tempcnt=\count356
LaTeX Info: Redefining \url on input line 4805.
\XeTeXLinkMargin=\dimen287

(C:\Users\andre\AppData\Local\Programs\MiKTeX\tex/generic/bitset\bitset.sty
Package: bitset 2019/12/09 v1.3 Handle bit-vector datatype (HO)

(C:\Users\andre\AppData\Local\Programs\MiKTeX\tex/generic/bigintcalc\bigintcalc
.sty
Package: bigintcalc 2019/12/15 v1.5 Expandable calculations on big integers (HO
)
))
\Fld@menulength=\count357
\Field@Width=\dimen288
\Fld@charsize=\dimen289
Package hyperref Info: Hyper figures OFF on input line 6091.
Package hyperref Info: Link nesting OFF on input line 6096.
Package hyperref Info: Hyper index ON on input line 6099.
Package hyperref Info: backreferencing OFF on input line 6106.
Package hyperref Info: Link coloring ON on input line 6109.
Package hyperref Info: Link coloring with OCG OFF on input line 6116.
Package hyperref Info: PDF/A mode OFF on input line 6121.
\Hy@abspage=\count358
\c@Item=\count359
\c@Hfootnote=\count360
)
Package hyperref Info: Driver (autodetected): hpdftex.

(C:\Users\andre\AppData\Local\Programs\MiKTeX\tex/latex/hyperref\hpdftex.def
File: hpdftex.def 2026-04-24 v7.01q Hyperref driver for pdfTeX
\Fld@listcount=\count361
\c@bookmark@seq@number=\count362

(C:\Users\andre\AppData\Local\Programs\MiKTeX\tex/latex/rerunfilecheck\rerunfil
echeck.sty
Package: rerunfilecheck 2025-06-21 v1.11 Rerun checks for auxiliary files (HO)

(C:\Users\andre\AppData\Local\Programs\MiKTeX\tex/generic/uniquecounter\uniquec
ounter.sty
Package: uniquecounter 2019/12/15 v1.4 Provide unlimited unique counter (HO)
)
Package uniquecounter Info: New unique counter `rerunfilecheck' on input line 2
84.
)
\Hy@SectionHShift=\skip60
)
(C:\Users\andre\AppData\Local\Programs\MiKTeX\tex/latex/listings\lstlang1.sty
File: lstlang1.sty 2025/11/14 1.11b listings language file
)
(TFG_Teleco.aux
LaTeX Info: Redefining \. on input line 12.
LaTeX Info: Redefining \% on input line 12.
LaTeX Info: Redefining \. on input line 14.
LaTeX Info: Redefining \% on input line 14.
 (Abstract.aux) (Introduccion.aux) (EstadoDelArte.aux)
(EntornoExperimental.aux) (Resultados.aux) (Conclusiones.aux) (AppendixA.aux)
(AppendixB.aux))
\openout1 = `TFG_Teleco.aux'.

LaTeX Font Info:    Checking defaults for OML/cmm/m/it on input line 74.
LaTeX Font Info:    ... okay on input line 74.
LaTeX Font Info:    Checking defaults for OMS/cmsy/m/n on input line 74.
LaTeX Font Info:    ... okay on input line 74.
LaTeX Font Info:    Checking defaults for OT1/cmr/m/n on input line 74.
LaTeX Font Info:    ... okay on input line 74.
LaTeX Font Info:    Checking defaults for T1/cmr/m/n on input line 74.
LaTeX Font Info:    ... okay on input line 74.
LaTeX Font Info:    Checking defaults for TS1/cmr/m/n on input line 74.
LaTeX Font Info:    ... okay on input line 74.
LaTeX Font Info:    Checking defaults for OMX/cmex/m/n on input line 74.
LaTeX Font Info:    ... okay on input line 74.
LaTeX Font Info:    Checking defaults for U/cmr/m/n on input line 74.
LaTeX Font Info:    ... okay on input line 74.
LaTeX Font Info:    Checking defaults for PD1/pdf/m/n on input line 74.
LaTeX Font Info:    ... okay on input line 74.
LaTeX Font Info:    Checking defaults for PU/pdf/m/n on input line 74.
LaTeX Font Info:    ... okay on input line 74.

(C:\Users\andre\AppData\Local\Programs\MiKTeX\tex/context/base/mkii\supp-pdf.mk
ii
[Loading MPS to PDF converter (version 2006.09.02).]
\scratchcounter=\count363
\scratchdimen=\dimen290
\scratchbox=\box78
\nofMPsegments=\count364
\nofMParguments=\count365
\everyMPshowfont=\toks41
\MPscratchCnt=\count366
\MPscratchDim=\dimen291
\MPnumerator=\count367
\makeMPintoPDFobject=\count368
\everyMPtoPDFconversion=\toks42
)
(C:\Users\andre\AppData\Local\Programs\MiKTeX\tex/latex/epstopdf-pkg\epstopdf-b
ase.sty
Package: epstopdf-base 2020-01-24 v2.11 Base part for package epstopdf
Package epstopdf-base Info: Redefining graphics rule for `.eps' on input line 4
85.

(C:\Users\andre\AppData\Local\Programs\MiKTeX\tex/latex/00miktex\epstopdf-sys.c
fg
File: epstopdf-sys.cfg 2021/03/18 v2.0 Configuration of epstopdf for MiKTeX
))
Package caption Info: Begin \AtBeginDocument code.
Package caption Info: float package is loaded.
Package caption Info: hyperref package is loaded.
Package caption Info: listings package is loaded.
Package caption Info: longtable package is loaded.

(C:\Users\andre\AppData\Local\Programs\MiKTeX\tex/latex/caption\ltcaption.sty
Package: ltcaption 2021/01/08 v1.4c longtable captions (AR)
)
Package caption Info: End \AtBeginDocument code.

*geometry* driver: auto-detecting
*geometry* detected driver: pdftex
*geometry* verbose mode - [ preamble ] result:
* driver: pdftex
* paper: a4paper
* layout: <same size as paper>
* layoutoffset:(h,v)=(0.0pt,0.0pt)
* modes: 
* h-part:(L,W,R)=(85.35826pt, 426.79135pt, 85.35826pt)
* v-part:(T,H,B)=(68.28644pt, 705.62852pt, 71.13188pt)
* \paperwidth=597.50787pt
* \paperheight=845.04684pt
* \textwidth=426.79135pt
* \textheight=705.62852pt
* \oddsidemargin=13.08827pt
* \evensidemargin=13.08827pt
* \topmargin=-40.98355pt
* \headheight=12.0pt
* \headsep=25.0pt
* \topskip=12.0pt
* \footskip=30.0pt
* \marginparwidth=44.0pt
* \marginparsep=10.0pt
* \columnsep=10.0pt
* \skip\footins=10.8pt plus 4.0pt minus 2.0pt
* \hoffset=0.0pt
* \voffset=0.0pt
* \mag=1000
* \@twocolumnfalse
* \@twosidefalse
* \@mparswitchfalse
* \@reversemarginfalse
* (1in=72.27pt=25.4mm, 1cm=28.453pt)

LaTeX Info: Redefining \. on input line 74.
LaTeX Info: Redefining \% on input line 74.

Package siunitx Warning: Detected the "physics" package:
(siunitx)                omitting definition of \qty.
(siunitx)                
(siunitx)                If you want to use \qty with the siunitx definition,
(siunitx)                add 
(siunitx)                
(siunitx)                    \AtBeginDocument{\RenewCommandCopy\qty\SI}
(siunitx)                
(siunitx)                to your preamble.


(C:\Users\andre\AppData\Local\Programs\MiKTeX\tex/latex/translations/dicts\tran
slations-basic-dictionary-spanish.trsl
File: translations-basic-dictionary-spanish.trsl (spanish translation file `tra
nslations-basic-dictionary')
)
Package translations Info: loading dictionary `translations-basic-dictionary' f
or `spanish'. on input line 74.
LaTeX Info: Redefining \celsius on input line 74.
Package gensymb Info: Faking symbols for \degree and \celsius on input line 74.



Package gensymb Warning: Not defining \perthousand.

LaTeX Info: Redefining \ohm on input line 74.
Package gensymb Info: Using \Omega for \ohm on input line 74.

Package gensymb Warning: Not defining \micro.

\c@lstlisting=\count369
Package hyperref Info: Link coloring ON on input line 74.
(TFG_Teleco.out) (TFG_Teleco.out)
\@outlinefile=\write4
\openout4 = `TFG_Teleco.out'.

<Figuras/Universidad-de-Valladolid.png, id=185, 277.9986pt x 180.9159pt>
File: Figuras/Universidad-de-Valladolid.png Graphic file (type png)
<use Figuras/Universidad-de-Valladolid.png>
Package pdftex.def Info: Figuras/Universidad-de-Valladolid.png  used on input l
ine 78.
(pdftex.def)             Requested size: 384.1096pt x 249.99544pt.
 [1

{C:/Users/andre/AppData/Local/MiKTeX/fonts/map/pdftex/pdftex.map} <./Figuras/Un
iversidad-de-Valladolid.png>]
\openout2 = `Abstract.aux'.

 (Abstract.tex
pdfTeX warning (ext4): destination with the same identifier (name{page.1}) has 
been already used, duplicate ignored
<to be read again> 
                   \relax 
l.13 
      [1

] [2]) [3] (TFG_Teleco.toc
LaTeX Info: Redefining \. on input line 1.
LaTeX Info: Redefining \% on input line 1.
LaTeX Info: Redefining \. on input line 2.
LaTeX Info: Redefining \% on input line 2.
LaTeX Font Info:    Trying to load font information for U+msa on input line 4.

(C:\Users\andre\AppData\Local\Programs\MiKTeX\tex/latex/amsfonts\umsa.fd
File: umsa.fd 2013/01/14 v3.01 AMS symbols A
)
LaTeX Font Info:    Trying to load font information for U+msb on input line 4.

(C:\Users\andre\AppData\Local\Programs\MiKTeX\tex/latex/amsfonts\umsb.fd
File: umsb.fd 2013/01/14 v3.01 AMS symbols B
)
pdfTeX warning (ext4): destination with the same identifier (name{page.1}) has 
been already used, duplicate ignored
<to be read again> 
                   \relax 
l.28 ...tricas de rendimiento}{25}{subsection.3.5}
                                                  % [1


])
\tf@toc=\write5
\openout5 = `TFG_Teleco.toc'.


pdfTeX warning (ext4): destination with the same identifier (name{page.2}) has 
been already used, duplicate ignored
<to be read again> 
                   \relax 
l.106 \newpage
               [2] (TFG_Teleco.lof
LaTeX Info: Redefining \. on input line 1.
LaTeX Info: Redefining \% on input line 1.
LaTeX Info: Redefining \. on input line 2.
LaTeX Info: Redefining \% on input line 2.

pdfTeX warning (ext4): destination with the same identifier (name{page.3}) has 
been already used, duplicate ignored
<to be read again> 
                   \relax 
l.22 ...e {milandataset}.}}{67}{figure.caption.32}
                                                  % [3])
\tf@lof=\write6
\openout6 = `TFG_Teleco.lof'.

 [4] [5]
(TFG_Teleco.lot
LaTeX Info: Redefining \. on input line 1.
LaTeX Info: Redefining \% on input line 1.
LaTeX Info: Redefining \. on input line 2.
LaTeX Info: Redefining \% on input line 2.
)
\tf@lot=\write7
\openout7 = `TFG_Teleco.lot'.

 [6]
\openout2 = `Introduccion.aux'.

 (Introduccion.tex [7

]) [8]
\openout2 = `EstadoDelArte.aux'.

 (EstadoDelArte.tex [9



] [10]
[11]
Overfull \hbox (4.87668pt too wide) in paragraph at lines 75--76
[]\T1/cmr/m/n/12 Aunque exis-ten múl-ti-ples es-tra-te-gias de va-li-da-ción co
-mo \T1/cmr/m/it/12 Grid Search\T1/cmr/m/n/12 , \T1/cmr/m/it/12 Ran-dom Search\
T1/cmr/m/n/12 ,
 []

[12]
Overfull \vbox (0.23154pt too high) has occurred while \output is active []


[13] [14] [15]
<./svg-inkscape/convneuronrecepfield_svg-raw.pdf, id=556, 521.1138pt x 469.0478
4pt>
File: ./svg-inkscape/convneuronrecepfield_svg-raw.pdf Graphic file (type pdf)
<use ./svg-inkscape/convneuronrecepfield_svg-raw.pdf>
Package pdftex.def Info: ./svg-inkscape/convneuronrecepfield_svg-raw.pdf  used 
on input line 140.
(pdftex.def)             Requested size: 260.55626pt x 234.52335pt.
 [16 <./svg-inkscape/convneuronrecepfield_svg-raw.pdf>] [17]
<./svg-inkscape/lstm_gates_svg-raw.pdf, id=601, 897.0991pt x 191.71387pt>
File: ./svg-inkscape/lstm_gates_svg-raw.pdf Graphic file (type pdf)
<use ./svg-inkscape/lstm_gates_svg-raw.pdf>
Package pdftex.def Info: ./svg-inkscape/lstm_gates_svg-raw.pdf  used on input l
ine 169.
(pdftex.def)             Requested size: 421.63663pt x 90.10551pt.

[18 <./svg-inkscape/lstm_gates_svg-raw.pdf>] [19]
Overfull \hbox (10.70984pt too wide) in paragraph at lines 216--217
[]\T1/cmr/m/n/12 La sa-li-da de las ca-pas \T1/cmtt/m/n/12 TimeDistributed(Conv
2D()) \T1/cmr/m/n/12 es pen-ta-di-men-sio-nal: (\T1/cmtt/m/n/12 batchsize\T1/cm
r/m/n/12 ,
 []

Package svg Info: Last page of `./svg-inkscape/conceptdrift-traced_svg-tex.pdf'
 is 1 on input line 234.
(svg-inkscape/conceptdrift-traced_svg-tex.pdf_tex
<./svg-inkscape/conceptdrift-traced_svg-tex.pdf, id=624, page=1, 949.79599pt x 
143.53386pt>
File: ./svg-inkscape/conceptdrift-traced_svg-tex.pdf Graphic file (type pdf)
<use ./svg-inkscape/conceptdrift-traced_svg-tex.pdf, page 1>
Package pdftex.def Info: ./svg-inkscape/conceptdrift-traced_svg-tex.pdf , page1
 used on input line 56.
(pdftex.def)             Requested size: 426.79135pt x 64.49765pt.
) [20 <./svg-inkscape/conceptdrift-traced_svg-tex.pdf>]) [21]
\openout2 = `EntornoExperimental.aux'.

 (EntornoExperimental.tex [22



] [23] [24]
LaTeX Font Info:    Font shape `T1/cmtt/bx/n' in size <12> not available
(Font)              Font shape `T1/cmtt/m/n' tried instead on input line 72.

Overfull \hbox (1.03702pt too wide) in paragraph at lines 74--75
[]\T1/cmr/bx/n/12 Umbral pa-ra el en-tre-na-mien-to in-cre-men-tal: \T1/cmr/m/n
/12 tam-bién lla-ma-do \T1/cmtt/m/n/12 threshold\T1/cmr/m/n/12 ,
 []

[25] [26]) [27]
\openout2 = `Resultados.aux'.

 (Resultados.tex
<./svg-inkscape/distr_nrmse_metros2_svg-raw.pdf, id=698, 425.71733pt x 505.7639
2pt>
File: ./svg-inkscape/distr_nrmse_metros2_svg-raw.pdf Graphic file (type pdf)
<use ./svg-inkscape/distr_nrmse_metros2_svg-raw.pdf>
Package pdftex.def Info: ./svg-inkscape/distr_nrmse_metros2_svg-raw.pdf  used o
n input line 14.
(pdftex.def)             Requested size: 212.85814pt x 252.88133pt.
 [28



 <./svg-inkscape/distr_nrmse_metros2_svg-raw.pdf>]
<./svg-inkscape/distr_nrmse_layers_svg-raw.pdf, id=8269, 501.19559pt x 394.4699
9pt>
File: ./svg-inkscape/distr_nrmse_layers_svg-raw.pdf Graphic file (type pdf)
<use ./svg-inkscape/distr_nrmse_layers_svg-raw.pdf>
Package pdftex.def Info: ./svg-inkscape/distr_nrmse_layers_svg-raw.pdf  used on
 input line 25.
(pdftex.def)             Requested size: 300.71967pt x 236.6838pt.
 [29 <./svg-inkscape/distr_nrmse_layers_svg-raw.pdf>] [30]
<./svg-inkscape/kernel_metros2_svg-raw.pdf, id=8354, 725.7074pt x 463.7024pt>
File: ./svg-inkscape/kernel_metros2_svg-raw.pdf Graphic file (type pdf)
<use ./svg-inkscape/kernel_metros2_svg-raw.pdf>
Package pdftex.def Info: ./svg-inkscape/kernel_metros2_svg-raw.pdf  used on inp
ut line 85.
(pdftex.def)             Requested size: 362.85281pt x 231.85062pt.
 [31 <./svg-inkscape/kernel_metros2_svg-raw.pdf>]
<./svg-inkscape/lookback_nrmse_time_svg-raw.pdf, id=8407, 661.2015pt x 394.8934
3pt>
File: ./svg-inkscape/lookback_nrmse_time_svg-raw.pdf Graphic file (type pdf)
<use ./svg-inkscape/lookback_nrmse_time_svg-raw.pdf>
Package pdftex.def Info: ./svg-inkscape/lookback_nrmse_time_svg-raw.pdf  used o
n input line 100.
(pdftex.def)             Requested size: 396.72397pt x 236.93788pt.
 [32 <./svg-inkscape/lookback_nrmse_time_svg-raw.pdf>]
<./svg-inkscape/updates_nrmse_time_svg-raw.pdf, id=8469, 667.56592pt x 394.4919
4pt>
File: ./svg-inkscape/updates_nrmse_time_svg-raw.pdf Graphic file (type pdf)
<use ./svg-inkscape/updates_nrmse_time_svg-raw.pdf>
Package pdftex.def Info: ./svg-inkscape/updates_nrmse_time_svg-raw.pdf  used on
 input line 129.
(pdftex.def)             Requested size: 400.54263pt x 236.69698pt.


LaTeX Warning: `!h' float specifier changed to `!ht'.

[33] [34 <./svg-inkscape/updates_nrmse_time_svg-raw.pdf>]
<./svg-inkscape/heatmap_bestmodel_svg-raw.pdf, id=8548, 663.08543pt x 598.19487
pt>
File: ./svg-inkscape/heatmap_bestmodel_svg-raw.pdf Graphic file (type pdf)
<use ./svg-inkscape/heatmap_bestmodel_svg-raw.pdf>
Package pdftex.def Info: ./svg-inkscape/heatmap_bestmodel_svg-raw.pdf  used on 
input line 193.
(pdftex.def)             Requested size: 397.85432pt x 358.9197pt.


LaTeX Warning: `!h' float specifier changed to `!ht'.

[35]
<./svg-inkscape/heatmap_combined_svg-raw.pdf, id=8555, 1703.40173pt x 592.50945
pt>
File: ./svg-inkscape/heatmap_combined_svg-raw.pdf Graphic file (type pdf)
<use ./svg-inkscape/heatmap_combined_svg-raw.pdf>
Package pdftex.def Info: ./svg-inkscape/heatmap_combined_svg-raw.pdf  used on i
nput line 205.
(pdftex.def)             Requested size: 425.8494pt x 148.127pt.
 [36 <./svg-inkscape/heatmap_bestmodel_svg-raw.pdf> <./svg-inkscape/heatmap_com
bined_svg-raw.pdf

pdfTeX warning: pdflatex.exe (file ./svg-inkscape/heatmap_combined_svg-raw.pdf)
: PDF inclusion: multiple pdfs with page group included in a single page
>]) [37]
\openout2 = `Conclusiones.aux'.

 (Conclusiones.tex) [38



] (TFG_Teleco.bbl
** WARNING: IEEEtran.bst: No hyphenation pattern has been
** loaded for the language `spa'. Using the pattern for
** the default language instead.
** WARNING: IEEEtran.bst: No hyphenation pattern has been
** loaded for the language `eng'. Using the pattern for
** the default language instead.
[39


]
** WARNING: IEEEtran.bst: No hyphenation pattern has been
** loaded for the language `eng'. Using the pattern for
** the default language instead.
[40] [41]) [42]
\openout2 = `AppendixA.aux'.

 (AppendixA.tex
Package hyperref Info: bookmark level for unknown lstlisting defaults to 0 on i
nput line 4.
 (Codigo/modelo_original.py
LaTeX Font Info:    Font shape `T1/cmtt/bx/n' in size <10.95> not available
(Font)              Font shape `T1/cmtt/m/n' tried instead on input line 1.
 [43

] [44] [45]
[46] [47]) [48] (Codigo/modelo_LSTM.txt [49] [50] [51] [52] [53]) [54]
(Codigo/modelo_XCNNLSTM.txt [55] [56] [57] [58] [59] [60])) [61]
\openout2 = `AppendixB.aux'.

 (AppendixB.tex
<./svg-inkscape/trafico_celda_4861_svg-raw.pdf, id=10079, 712.68578pt x 425.333
08pt>
File: ./svg-inkscape/trafico_celda_4861_svg-raw.pdf Graphic file (type pdf)
<use ./svg-inkscape/trafico_celda_4861_svg-raw.pdf>
Package pdftex.def Info: ./svg-inkscape/trafico_celda_4861_svg-raw.pdf  used on
 input line 9.
(pdftex.def)             Requested size: 427.61476pt x 255.20181pt.

Overfull \hbox (0.82341pt too wide) in paragraph at lines 9--10
 [][] 
 []

<./svg-inkscape/trafico_celda_4862_svg-raw.pdf, id=10082, 712.71335pt x 425.333
08pt>
File: ./svg-inkscape/trafico_celda_4862_svg-raw.pdf Graphic file (type pdf)
<use ./svg-inkscape/trafico_celda_4862_svg-raw.pdf>
Package pdftex.def Info: ./svg-inkscape/trafico_celda_4862_svg-raw.pdf  used on
 input line 17.
(pdftex.def)             Requested size: 427.6313pt x 255.20181pt.

Overfull \hbox (0.83995pt too wide) in paragraph at lines 17--18
 [][] 
 []


LaTeX Warning: `!h' float specifier changed to `!ht'.

[62



 <./svg-inkscape/trafico_celda_4861_svg-raw.pdf>]
<./svg-inkscape/trafico_celda_4863_svg-raw.pdf, id=10136, 712.71335pt x 425.333
08pt>
File: ./svg-inkscape/trafico_celda_4863_svg-raw.pdf Graphic file (type pdf)
<use ./svg-inkscape/trafico_celda_4863_svg-raw.pdf>
Package pdftex.def Info: ./svg-inkscape/trafico_celda_4863_svg-raw.pdf  used on
 input line 26.
(pdftex.def)             Requested size: 427.6313pt x 255.20181pt.

Overfull \hbox (0.83995pt too wide) in paragraph at lines 26--27
 [][] 
 []

<./svg-inkscape/trafico_celda_4959_svg-raw.pdf, id=10139, 712.68578pt x 425.333
08pt>
File: ./svg-inkscape/trafico_celda_4959_svg-raw.pdf Graphic file (type pdf)
<use ./svg-inkscape/trafico_celda_4959_svg-raw.pdf>
Package pdftex.def Info: ./svg-inkscape/trafico_celda_4959_svg-raw.pdf  used on
 input line 35.
(pdftex.def)             Requested size: 427.61476pt x 255.20181pt.

Overfull \hbox (0.82341pt too wide) in paragraph at lines 35--36
 [][] 
 []


LaTeX Warning: `!h' float specifier changed to `!ht'.

[63 <./svg-inkscape/trafico_celda_4862_svg-raw.pdf> <./svg-inkscape/trafico_cel
da_4863_svg-raw.pdf

pdfTeX warning: pdflatex.exe (file ./svg-inkscape/trafico_celda_4863_svg-raw.pd
f): PDF inclusion: multiple pdfs with page group included in a single page
>]
<./svg-inkscape/trafico_celda_4961_svg-raw.pdf, id=10258, 712.68578pt x 425.333
08pt>
File: ./svg-inkscape/trafico_celda_4961_svg-raw.pdf Graphic file (type pdf)
<use ./svg-inkscape/trafico_celda_4961_svg-raw.pdf>
Package pdftex.def Info: ./svg-inkscape/trafico_celda_4961_svg-raw.pdf  used on
 input line 44.
(pdftex.def)             Requested size: 427.61476pt x 255.20181pt.

Overfull \hbox (0.82341pt too wide) in paragraph at lines 44--45
 [][] 
 []

<./svg-inkscape/trafico_celda_4962_svg-raw.pdf, id=10261, 712.68578pt x 425.333
08pt>
File: ./svg-inkscape/trafico_celda_4962_svg-raw.pdf Graphic file (type pdf)
<use ./svg-inkscape/trafico_celda_4962_svg-raw.pdf>
Package pdftex.def Info: ./svg-inkscape/trafico_celda_4962_svg-raw.pdf  used on
 input line 52.
(pdftex.def)             Requested size: 427.61476pt x 255.20181pt.

Overfull \hbox (0.82341pt too wide) in paragraph at lines 52--53
 [][] 
 []


LaTeX Warning: `!h' float specifier changed to `!ht'.

[64 <./svg-inkscape/trafico_celda_4959_svg-raw.pdf> <./svg-inkscape/trafico_cel
da_4961_svg-raw.pdf

pdfTeX warning: pdflatex.exe (file ./svg-inkscape/trafico_celda_4961_svg-raw.pd
f): PDF inclusion: multiple pdfs with page group included in a single page
>]
<./svg-inkscape/trafico_celda_4963_svg-raw.pdf, id=10373, 712.68578pt x 425.333
08pt>
File: ./svg-inkscape/trafico_celda_4963_svg-raw.pdf Graphic file (type pdf)
<use ./svg-inkscape/trafico_celda_4963_svg-raw.pdf>
Package pdftex.def Info: ./svg-inkscape/trafico_celda_4963_svg-raw.pdf  used on
 input line 61.
(pdftex.def)             Requested size: 427.61476pt x 255.20181pt.

Overfull \hbox (0.82341pt too wide) in paragraph at lines 61--62
 [][] 
 []

<./svg-inkscape/trafico_celda_5057_svg-raw.pdf, id=10376, 712.71335pt x 425.333
08pt>
File: ./svg-inkscape/trafico_celda_5057_svg-raw.pdf Graphic file (type pdf)
<use ./svg-inkscape/trafico_celda_5057_svg-raw.pdf>
Package pdftex.def Info: ./svg-inkscape/trafico_celda_5057_svg-raw.pdf  used on
 input line 69.
(pdftex.def)             Requested size: 427.6313pt x 255.20181pt.

Overfull \hbox (0.83995pt too wide) in paragraph at lines 69--70
 [][] 
 []


LaTeX Warning: `!h' float specifier changed to `!ht'.

[65 <./svg-inkscape/trafico_celda_4962_svg-raw.pdf> <./svg-inkscape/trafico_cel
da_4963_svg-raw.pdf

pdfTeX warning: pdflatex.exe (file ./svg-inkscape/trafico_celda_4963_svg-raw.pd
f): PDF inclusion: multiple pdfs with page group included in a single page
>]
<./svg-inkscape/trafico_celda_5058_svg-raw.pdf, id=10479, 712.68578pt x 425.333
08pt>
File: ./svg-inkscape/trafico_celda_5058_svg-raw.pdf Graphic file (type pdf)
<use ./svg-inkscape/trafico_celda_5058_svg-raw.pdf>
Package pdftex.def Info: ./svg-inkscape/trafico_celda_5058_svg-raw.pdf  used on
 input line 78.
(pdftex.def)             Requested size: 427.61476pt x 255.20181pt.

Overfull \hbox (0.82341pt too wide) in paragraph at lines 78--79
 [][] 
 []

<./svg-inkscape/trafico_celda_5060_svg-raw.pdf, id=10482, 712.68578pt x 425.333
08pt>
File: ./svg-inkscape/trafico_celda_5060_svg-raw.pdf Graphic file (type pdf)
<use ./svg-inkscape/trafico_celda_5060_svg-raw.pdf>
Package pdftex.def Info: ./svg-inkscape/trafico_celda_5060_svg-raw.pdf  used on
 input line 86.
(pdftex.def)             Requested size: 427.61476pt x 255.20181pt.

Overfull \hbox (0.82341pt too wide) in paragraph at lines 86--87
 [][] 
 []


LaTeX Warning: `!h' float specifier changed to `!ht'.

[66 <./svg-inkscape/trafico_celda_5057_svg-raw.pdf> <./svg-inkscape/trafico_cel
da_5058_svg-raw.pdf

pdfTeX warning: pdflatex.exe (file ./svg-inkscape/trafico_celda_5058_svg-raw.pd
f): PDF inclusion: multiple pdfs with page group included in a single page
>]
<./svg-inkscape/trafico_celda_5061_svg-raw.pdf, id=10588, 712.68578pt x 425.333
08pt>
File: ./svg-inkscape/trafico_celda_5061_svg-raw.pdf Graphic file (type pdf)
<use ./svg-inkscape/trafico_celda_5061_svg-raw.pdf>
Package pdftex.def Info: ./svg-inkscape/trafico_celda_5061_svg-raw.pdf  used on
 input line 94.
(pdftex.def)             Requested size: 427.61476pt x 255.20181pt.

Overfull \hbox (0.82341pt too wide) in paragraph at lines 94--95
 [][] 
 []

<./svg-inkscape/trafico_celda_5062_svg-raw.pdf, id=10591, 712.68578pt x 425.333
08pt>
File: ./svg-inkscape/trafico_celda_5062_svg-raw.pdf Graphic file (type pdf)
<use ./svg-inkscape/trafico_celda_5062_svg-raw.pdf>
Package pdftex.def Info: ./svg-inkscape/trafico_celda_5062_svg-raw.pdf  used on
 input line 102.
(pdftex.def)             Requested size: 427.61476pt x 255.20181pt.

Overfull \hbox (0.82341pt too wide) in paragraph at lines 102--103
 [][] 
 []


LaTeX Warning: `!h' float specifier changed to `!ht'.

[67 <./svg-inkscape/trafico_celda_5060_svg-raw.pdf> <./svg-inkscape/trafico_cel
da_5061_svg-raw.pdf

pdfTeX warning: pdflatex.exe (file ./svg-inkscape/trafico_celda_5061_svg-raw.pd
f): PDF inclusion: multiple pdfs with page group included in a single page
>]
<./svg-inkscape/trafico_celda_5063_svg-raw.pdf, id=10700, 712.68578pt x 425.333
08pt>
File: ./svg-inkscape/trafico_celda_5063_svg-raw.pdf Graphic file (type pdf)
<use ./svg-inkscape/trafico_celda_5063_svg-raw.pdf>
Package pdftex.def Info: ./svg-inkscape/trafico_celda_5063_svg-raw.pdf  used on
 input line 110.
(pdftex.def)             Requested size: 427.61476pt x 255.20181pt.

Overfull \hbox (0.82341pt too wide) in paragraph at lines 110--111
 [][] 
 []

<./svg-inkscape/trafico_celda_5162_svg-raw.pdf, id=10703, 712.68578pt x 425.333
08pt>
File: ./svg-inkscape/trafico_celda_5162_svg-raw.pdf Graphic file (type pdf)
<use ./svg-inkscape/trafico_celda_5162_svg-raw.pdf>
Package pdftex.def Info: ./svg-inkscape/trafico_celda_5162_svg-raw.pdf  used on
 input line 118.
(pdftex.def)             Requested size: 427.61476pt x 255.20181pt.

Overfull \hbox (0.82341pt too wide) in paragraph at lines 118--119
 [][] 
 []


LaTeX Warning: `!h' float specifier changed to `!ht'.

[68 <./svg-inkscape/trafico_celda_5062_svg-raw.pdf> <./svg-inkscape/trafico_cel
da_5063_svg-raw.pdf

pdfTeX warning: pdflatex.exe (file ./svg-inkscape/trafico_celda_5063_svg-raw.pd
f): PDF inclusion: multiple pdfs with page group included in a single page
>]
<./svg-inkscape/trafico_celda_5163_svg-raw.pdf, id=10812, 712.68578pt x 425.333
08pt>
File: ./svg-inkscape/trafico_celda_5163_svg-raw.pdf Graphic file (type pdf)
<use ./svg-inkscape/trafico_celda_5163_svg-raw.pdf>
Package pdftex.def Info: ./svg-inkscape/trafico_celda_5163_svg-raw.pdf  used on
 input line 126.
(pdftex.def)             Requested size: 427.61476pt x 255.20181pt.

Overfull \hbox (0.82341pt too wide) in paragraph at lines 126--127
 [][] 
 []

<./svg-inkscape/trafico_celda_5257_svg-raw.pdf, id=10815, 712.68578pt x 425.333
08pt>
File: ./svg-inkscape/trafico_celda_5257_svg-raw.pdf Graphic file (type pdf)
<use ./svg-inkscape/trafico_celda_5257_svg-raw.pdf>
Package pdftex.def Info: ./svg-inkscape/trafico_celda_5257_svg-raw.pdf  used on
 input line 134.
(pdftex.def)             Requested size: 427.61476pt x 255.20181pt.

Overfull \hbox (0.82341pt too wide) in paragraph at lines 134--135
 [][] 
 []


LaTeX Warning: `!h' float specifier changed to `!ht'.

[69 <./svg-inkscape/trafico_celda_5162_svg-raw.pdf> <./svg-inkscape/trafico_cel
da_5163_svg-raw.pdf

pdfTeX warning: pdflatex.exe (file ./svg-inkscape/trafico_celda_5163_svg-raw.pd
f): PDF inclusion: multiple pdfs with page group included in a single page
>]
<./svg-inkscape/trafico_celda_5258_svg-raw.pdf, id=10931, 712.68578pt x 425.333
08pt>
File: ./svg-inkscape/trafico_celda_5258_svg-raw.pdf Graphic file (type pdf)
<use ./svg-inkscape/trafico_celda_5258_svg-raw.pdf>
Package pdftex.def Info: ./svg-inkscape/trafico_celda_5258_svg-raw.pdf  used on
 input line 142.
(pdftex.def)             Requested size: 427.61476pt x 255.20181pt.

Overfull \hbox (0.82341pt too wide) in paragraph at lines 142--143
 [][] 
 []

<./svg-inkscape/trafico_celda_5262_svg-raw.pdf, id=10934, 712.68578pt x 425.333
08pt>
File: ./svg-inkscape/trafico_celda_5262_svg-raw.pdf Graphic file (type pdf)
<use ./svg-inkscape/trafico_celda_5262_svg-raw.pdf>
Package pdftex.def Info: ./svg-inkscape/trafico_celda_5262_svg-raw.pdf  used on
 input line 150.
(pdftex.def)             Requested size: 427.61476pt x 255.20181pt.

Overfull \hbox (0.82341pt too wide) in paragraph at lines 150--151
 [][] 
 []


LaTeX Warning: `!h' float specifier changed to `!ht'.

[70 <./svg-inkscape/trafico_celda_5257_svg-raw.pdf> <./svg-inkscape/trafico_cel
da_5258_svg-raw.pdf

pdfTeX warning: pdflatex.exe (file ./svg-inkscape/trafico_celda_5258_svg-raw.pd
f): PDF inclusion: multiple pdfs with page group included in a single page
>]
<./svg-inkscape/trafico_celda_5263_svg-raw.pdf, id=11049, 712.68578pt x 425.333
08pt>
File: ./svg-inkscape/trafico_celda_5263_svg-raw.pdf Graphic file (type pdf)
<use ./svg-inkscape/trafico_celda_5263_svg-raw.pdf>
Package pdftex.def Info: ./svg-inkscape/trafico_celda_5263_svg-raw.pdf  used on
 input line 158.
(pdftex.def)             Requested size: 427.61476pt x 255.20181pt.

Overfull \hbox (0.82341pt too wide) in paragraph at lines 158--159
 [][] 
 []

<./svg-inkscape/trafico_celda_5357_svg-raw.pdf, id=11052, 712.71335pt x 425.333
08pt>
File: ./svg-inkscape/trafico_celda_5357_svg-raw.pdf Graphic file (type pdf)
<use ./svg-inkscape/trafico_celda_5357_svg-raw.pdf>
Package pdftex.def Info: ./svg-inkscape/trafico_celda_5357_svg-raw.pdf  used on
 input line 166.
(pdftex.def)             Requested size: 427.6313pt x 255.20181pt.

Overfull \hbox (0.83995pt too wide) in paragraph at lines 166--167
 [][] 
 []


LaTeX Warning: `!h' float specifier changed to `!ht'.

[71 <./svg-inkscape/trafico_celda_5262_svg-raw.pdf> <./svg-inkscape/trafico_cel
da_5263_svg-raw.pdf

pdfTeX warning: pdflatex.exe (file ./svg-inkscape/trafico_celda_5263_svg-raw.pd
f): PDF inclusion: multiple pdfs with page group included in a single page
>]
<./svg-inkscape/trafico_celda_5358_svg-raw.pdf, id=11167, 712.71335pt x 425.333
08pt>
File: ./svg-inkscape/trafico_celda_5358_svg-raw.pdf Graphic file (type pdf)
<use ./svg-inkscape/trafico_celda_5358_svg-raw.pdf>
Package pdftex.def Info: ./svg-inkscape/trafico_celda_5358_svg-raw.pdf  used on
 input line 174.
(pdftex.def)             Requested size: 427.6313pt x 255.20181pt.

Overfull \hbox (0.83995pt too wide) in paragraph at lines 174--175
 [][] 
 []

<./svg-inkscape/trafico_celda_5362_svg-raw.pdf, id=11170, 712.71335pt x 425.333
08pt>
File: ./svg-inkscape/trafico_celda_5362_svg-raw.pdf Graphic file (type pdf)
<use ./svg-inkscape/trafico_celda_5362_svg-raw.pdf>
Package pdftex.def Info: ./svg-inkscape/trafico_celda_5362_svg-raw.pdf  used on
 input line 182.
(pdftex.def)             Requested size: 427.6313pt x 255.20181pt.

Overfull \hbox (0.83995pt too wide) in paragraph at lines 182--183
 [][] 
 []


LaTeX Warning: `!h' float specifier changed to `!ht'.

[72 <./svg-inkscape/trafico_celda_5357_svg-raw.pdf> <./svg-inkscape/trafico_cel
da_5358_svg-raw.pdf

pdfTeX warning: pdflatex.exe (file ./svg-inkscape/trafico_celda_5358_svg-raw.pd
f): PDF inclusion: multiple pdfs with page group included in a single page
>]
<./svg-inkscape/trafico_celda_5363_svg-raw.pdf, id=11273, 712.71335pt x 425.333
08pt>
File: ./svg-inkscape/trafico_celda_5363_svg-raw.pdf Graphic file (type pdf)
<use ./svg-inkscape/trafico_celda_5363_svg-raw.pdf>
Package pdftex.def Info: ./svg-inkscape/trafico_celda_5363_svg-raw.pdf  used on
 input line 190.
(pdftex.def)             Requested size: 427.6313pt x 255.20181pt.

Overfull \hbox (0.83995pt too wide) in paragraph at lines 190--191
 [][] 
 []

<./svg-inkscape/cell_plot_4959_svg-raw.pdf, id=11277, 859.83293pt x 280.20122pt
>
File: ./svg-inkscape/cell_plot_4959_svg-raw.pdf Graphic file (type pdf)
<use ./svg-inkscape/cell_plot_4959_svg-raw.pdf>
Package pdftex.def Info: ./svg-inkscape/cell_plot_4959_svg-raw.pdf  used on inp
ut line 202.
(pdftex.def)             Requested size: 429.9154pt x 140.10025pt.

Overfull \hbox (3.12405pt too wide) in paragraph at lines 202--203
 [][] 
 []


LaTeX Warning: `!h' float specifier changed to `!ht'.

[73 <./svg-inkscape/trafico_celda_5362_svg-raw.pdf> <./svg-inkscape/trafico_cel
da_5363_svg-raw.pdf

pdfTeX warning: pdflatex.exe (file ./svg-inkscape/trafico_celda_5363_svg-raw.pd
f): PDF inclusion: multiple pdfs with page group included in a single page
>]
<./svg-inkscape/cell_plot_4962_svg-raw.pdf, id=11384, 859.83293pt x 280.20122pt
>
File: ./svg-inkscape/cell_plot_4962_svg-raw.pdf Graphic file (type pdf)
<use ./svg-inkscape/cell_plot_4962_svg-raw.pdf>
Package pdftex.def Info: ./svg-inkscape/cell_plot_4962_svg-raw.pdf  used on inp
ut line 210.
(pdftex.def)             Requested size: 429.9154pt x 140.10025pt.

Overfull \hbox (3.12405pt too wide) in paragraph at lines 210--211
 [][] 
 []

<./svg-inkscape/cell_plot_5057_svg-raw.pdf, id=11385, 859.7702pt x 280.20122pt>

File: ./svg-inkscape/cell_plot_5057_svg-raw.pdf Graphic file (type pdf)
<use ./svg-inkscape/cell_plot_5057_svg-raw.pdf>
Package pdftex.def Info: ./svg-inkscape/cell_plot_5057_svg-raw.pdf  used on inp
ut line 218.
(pdftex.def)             Requested size: 429.88405pt x 140.10025pt.

Overfull \hbox (3.0927pt too wide) in paragraph at lines 218--219
 [][] 
 []

<./svg-inkscape/cell_plot_5058_svg-raw.pdf, id=11386, 859.83293pt x 280.20122pt
>
File: ./svg-inkscape/cell_plot_5058_svg-raw.pdf Graphic file (type pdf)
<use ./svg-inkscape/cell_plot_5058_svg-raw.pdf>
Package pdftex.def Info: ./svg-inkscape/cell_plot_5058_svg-raw.pdf  used on inp
ut line 226.
(pdftex.def)             Requested size: 429.9154pt x 140.10025pt.

Overfull \hbox (3.12405pt too wide) in paragraph at lines 226--227
 [][] 
 []


LaTeX Warning: `!h' float specifier changed to `!ht'.

[74 <./svg-inkscape/cell_plot_4959_svg-raw.pdf> <./svg-inkscape/cell_plot_4962_
svg-raw.pdf

pdfTeX warning: pdflatex.exe (file ./svg-inkscape/cell_plot_4962_svg-raw.pdf): 
PDF inclusion: multiple pdfs with page group included in a single page
> <./svg-inkscape/cell_plot_5057_svg-raw.pdf

pdfTeX warning: pdflatex.exe (file ./svg-inkscape/cell_plot_5057_svg-raw.pdf): 
PDF inclusion: multiple pdfs with page group included in a single page
>]
<./svg-inkscape/cell_plot_5062_svg-raw.pdf, id=11431, 859.83293pt x 280.20122pt
>
File: ./svg-inkscape/cell_plot_5062_svg-raw.pdf Graphic file (type pdf)
<use ./svg-inkscape/cell_plot_5062_svg-raw.pdf>
Package pdftex.def Info: ./svg-inkscape/cell_plot_5062_svg-raw.pdf  used on inp
ut line 234.
(pdftex.def)             Requested size: 429.9154pt x 140.10025pt.

Overfull \hbox (3.12405pt too wide) in paragraph at lines 234--235
 [][] 
 []

<./svg-inkscape/cell_plot_5063_svg-raw.pdf, id=11432, 859.83293pt x 280.20122pt
>
File: ./svg-inkscape/cell_plot_5063_svg-raw.pdf Graphic file (type pdf)
<use ./svg-inkscape/cell_plot_5063_svg-raw.pdf>
Package pdftex.def Info: ./svg-inkscape/cell_plot_5063_svg-raw.pdf  used on inp
ut line 242.
(pdftex.def)             Requested size: 429.9154pt x 140.10025pt.

Overfull \hbox (3.12405pt too wide) in paragraph at lines 242--243
 [][] 
 []

<./svg-inkscape/cell_plot_5162_svg-raw.pdf, id=11433, 859.74263pt x 280.20122pt
>
File: ./svg-inkscape/cell_plot_5162_svg-raw.pdf Graphic file (type pdf)
<use ./svg-inkscape/cell_plot_5162_svg-raw.pdf>
Package pdftex.def Info: ./svg-inkscape/cell_plot_5162_svg-raw.pdf  used on inp
ut line 250.
(pdftex.def)             Requested size: 429.87027pt x 140.10025pt.

Overfull \hbox (3.07892pt too wide) in paragraph at lines 250--251
 [][] 
 []


LaTeX Warning: `!h' float specifier changed to `!ht'.

[75 <./svg-inkscape/cell_plot_5058_svg-raw.pdf> <./svg-inkscape/cell_plot_5062_
svg-raw.pdf

pdfTeX warning: pdflatex.exe (file ./svg-inkscape/cell_plot_5062_svg-raw.pdf): 
PDF inclusion: multiple pdfs with page group included in a single page
> <./svg-inkscape/cell_plot_5063_svg-raw.pdf

pdfTeX warning: pdflatex.exe (file ./svg-inkscape/cell_plot_5063_svg-raw.pdf): 
PDF inclusion: multiple pdfs with page group included in a single page
>]
<./svg-inkscape/cell_plot_5163_svg-raw.pdf, id=11479, 859.83293pt x 280.20122pt
>
File: ./svg-inkscape/cell_plot_5163_svg-raw.pdf Graphic file (type pdf)
<use ./svg-inkscape/cell_plot_5163_svg-raw.pdf>
Package pdftex.def Info: ./svg-inkscape/cell_plot_5163_svg-raw.pdf  used on inp
ut line 258.
(pdftex.def)             Requested size: 429.9154pt x 140.10025pt.

Overfull \hbox (3.12405pt too wide) in paragraph at lines 258--259
 [][] 
 []

<./svg-inkscape/cell_plot_5262_svg-raw.pdf, id=11480, 859.83293pt x 280.20122pt
>
File: ./svg-inkscape/cell_plot_5262_svg-raw.pdf Graphic file (type pdf)
<use ./svg-inkscape/cell_plot_5262_svg-raw.pdf>
Package pdftex.def Info: ./svg-inkscape/cell_plot_5262_svg-raw.pdf  used on inp
ut line 266.
(pdftex.def)             Requested size: 429.9154pt x 140.10025pt.

Overfull \hbox (3.12405pt too wide) in paragraph at lines 266--267
 [][] 
 []

<./svg-inkscape/cell_plot_5263_svg-raw.pdf, id=11481, 859.83293pt x 280.20122pt
>
File: ./svg-inkscape/cell_plot_5263_svg-raw.pdf Graphic file (type pdf)
<use ./svg-inkscape/cell_plot_5263_svg-raw.pdf>
Package pdftex.def Info: ./svg-inkscape/cell_plot_5263_svg-raw.pdf  used on inp
ut line 274.
(pdftex.def)             Requested size: 429.9154pt x 140.10025pt.

Overfull \hbox (3.12405pt too wide) in paragraph at lines 274--275
 [][] 
 []


LaTeX Warning: `!h' float specifier changed to `!ht'.

[76 <./svg-inkscape/cell_plot_5162_svg-raw.pdf> <./svg-inkscape/cell_plot_5163_
svg-raw.pdf

pdfTeX warning: pdflatex.exe (file ./svg-inkscape/cell_plot_5163_svg-raw.pdf): 
PDF inclusion: multiple pdfs with page group included in a single page
> <./svg-inkscape/cell_plot_5262_svg-raw.pdf

pdfTeX warning: pdflatex.exe (file ./svg-inkscape/cell_plot_5262_svg-raw.pdf): 
PDF inclusion: multiple pdfs with page group included in a single page
>]
<./svg-inkscape/cell_plot_5363_svg-raw.pdf, id=11526, 859.7702pt x 280.20122pt>

File: ./svg-inkscape/cell_plot_5363_svg-raw.pdf Graphic file (type pdf)
<use ./svg-inkscape/cell_plot_5363_svg-raw.pdf>
Package pdftex.def Info: ./svg-inkscape/cell_plot_5363_svg-raw.pdf  used on inp
ut line 282.
(pdftex.def)             Requested size: 429.88405pt x 140.10025pt.

Overfull \hbox (3.0927pt too wide) in paragraph at lines 282--283
 [][] 
 []

<./svg-inkscape/cell_plot_5362_svg-raw.pdf, id=11527, 859.7702pt x 280.20122pt>

File: ./svg-inkscape/cell_plot_5362_svg-raw.pdf Graphic file (type pdf)
<use ./svg-inkscape/cell_plot_5362_svg-raw.pdf>
Package pdftex.def Info: ./svg-inkscape/cell_plot_5362_svg-raw.pdf  used on inp
ut line 290.
(pdftex.def)             Requested size: 429.88405pt x 140.10025pt.

Overfull \hbox (3.0927pt too wide) in paragraph at lines 290--291
 [][] 
 []

File: ./svg-inkscape/cell_plot_5363_svg-raw.pdf Graphic file (type pdf)
<use ./svg-inkscape/cell_plot_5363_svg-raw.pdf>
Package pdftex.def Info: ./svg-inkscape/cell_plot_5363_svg-raw.pdf  used on inp
ut line 298.
(pdftex.def)             Requested size: 429.88405pt x 140.10025pt.

Overfull \hbox (3.0927pt too wide) in paragraph at lines 298--299
 [][] 
 []


LaTeX Warning: `!h' float specifier changed to `!ht'.

[77 <./svg-inkscape/cell_plot_5263_svg-raw.pdf> <./svg-inkscape/cell_plot_5363_
svg-raw.pdf

pdfTeX warning: pdflatex.exe (file ./svg-inkscape/cell_plot_5363_svg-raw.pdf): 
PDF inclusion: multiple pdfs with page group included in a single page
> <./svg-inkscape/cell_plot_5362_svg-raw.pdf

pdfTeX warning: pdflatex.exe (file ./svg-inkscape/cell_plot_5362_svg-raw.pdf): 
PDF inclusion: multiple pdfs with page group included in a single page
>]) [78]

Package caption Warning: Unused \captionsetup[sub] on input line 15.
See the caption package documentation for explanation.

(TFG_Teleco.aux
LaTeX Info: Redefining \. on input line 12.
LaTeX Info: Redefining \% on input line 12.
LaTeX Info: Redefining \. on input line 14.
LaTeX Info: Redefining \% on input line 14.
 (Abstract.aux) (Introduccion.aux) (EstadoDelArte.aux)
(EntornoExperimental.aux) (Resultados.aux) (Conclusiones.aux) (AppendixA.aux)
(AppendixB.aux))
 ***********
LaTeX2e <2025-11-01>
L3 programming layer <2026-03-20>
 ***********
Package rerunfilecheck Info: File `TFG_Teleco.out' has not changed.
(rerunfilecheck)             Checksum: 76332615C93C2537C6F74FC65FDF924A;8520.
 ) 
Here is how much of TeX's memory you used:
 26074 strings out of 469439
 508749 string characters out of 5459938
 1391233 words of memory out of 5000000
 53507 multiletter control sequences out of 15000+600000
 649150 words of font info for 92 fonts, out of 8000000 for 9000
 42 hyphenation exceptions out of 8191
 94i,9n,93p,1128b,2741s stack positions out of 10000i,1000n,20000p,200000b,200000s
 <C:\Users\andre\AppData\Local\MiKTeX\fonts/pk/ljfour/jknappen/ec/dpi600\ectt
1095.pk> <C:\Users\andre\AppData\Local\MiKTeX\fonts/pk/ljfour/jknappen/ec/dpi60
0\ecrm0600.pk> <C:\Users\andre\AppData\Local\MiKTeX\fonts/pk/ljfour/jknappen/ec
/dpi600\ecbi1200.pk> <C:\Users\andre\AppData\Local\MiKTeX\fonts/pk/ljfour/jknap
pen/ec/dpi600\ectt1000.pk> <C:\Users\andre\AppData\Local\MiKTeX\fonts/pk/ljfour
/jknappen/ec/dpi600\ecrm1000.pk> <C:\Users\andre\AppData\Local\MiKTeX\fonts/pk/
ljfour/jknappen/ec/dpi600\ecrm0700.pk> <C:\Users\andre\AppData\Local\MiKTeX\fon
ts/pk/ljfour/jknappen/ec/dpi600\ecrm0800.pk> <C:\Users\andre\AppData\Local\MiKT
eX\fonts/pk/ljfour/jknappen/ec/dpi600\ecbi1440.pk> <C:\Users\andre\AppData\Loca
l\MiKTeX\fonts/pk/ljfour/jknappen/ec/dpi600\ecbx1440.pk> <C:\Users\andre\AppDat
a\Local\MiKTeX\fonts/pk/ljfour/jknappen/ec/dpi600\ectt1200.pk> <C:\Users\andre\
AppData\Local\MiKTeX\fonts/pk/ljfour/jknappen/ec/dpi600\ecbx1200.pk> <C:\Users\
andre\AppData\Local\MiKTeX\fonts/pk/ljfour/jknappen/ec/dpi600\ecti1200.pk> <C:\
Users\andre\AppData\Local\MiKTeX\fonts/pk/ljfour/jknappen/ec/dpi600\ecrm1200.pk
> <C:\Users\andre\AppData\Local\MiKTeX\fonts/pk/ljfour/jknappen/ec/dpi600\ecxc1
728.pk> <C:\Users\andre\AppData\Local\MiKTeX\fonts/pk/ljfour/jknappen/ec/dpi600
\eccc1200.pk> <C:\Users\andre\AppData\Local\MiKTeX\fonts/pk/ljfour/jknappen/ec/
dpi600\ecbx1728.pk><C:/Users/andre/AppData/Local/Programs/MiKTeX/fonts/type1/pu
blic/amsfonts/cm/cmex10.pfb><C:/Users/andre/AppData/Local/Programs/MiKTeX/fonts
/type1/public/amsfonts/cm/cmmi12.pfb><C:/Users/andre/AppData/Local/Programs/MiK
TeX/fonts/type1/public/amsfonts/cm/cmmi6.pfb><C:/Users/andre/AppData/Local/Prog
rams/MiKTeX/fonts/type1/public/amsfonts/cm/cmmi8.pfb><C:/Users/andre/AppData/Lo
cal/Programs/MiKTeX/fonts/type1/public/amsfonts/cm/cmr12.pfb><C:/Users/andre/Ap
pData/Local/Programs/MiKTeX/fonts/type1/public/amsfonts/cm/cmr8.pfb><C:/Users/a
ndre/AppData/Local/Programs/MiKTeX/fonts/type1/public/amsfonts/cm/cmsy10.pfb><C
:/Users/andre/AppData/Local/Programs/MiKTeX/fonts/type1/public/amsfonts/cm/cmsy
6.pfb><C:/Users/andre/AppData/Local/Programs/MiKTeX/fonts/type1/public/amsfonts
/cm/cmsy8.pfb>
Output written on TFG_Teleco.pdf (82 pages, 6023643 bytes).
PDF statistics:
 12427 PDF objects out of 12825 (max. 8388607)
 1008 named destinations out of 1200 (max. 500000)
 608 words of extra memory for PDF output out of 10000 (max. 10000000)

