\BOOKMARK [1][-]{section.1}{\376\377\000I\000n\000t\000r\000o\000d\000u\000c\000c\000i\000\363\000n}{}% 1
\BOOKMARK [2][-]{subsection.1.1}{\376\377\000O\000b\000j\000e\000t\000i\000v\000o\000s}{section.1}% 2
\BOOKMARK [2][-]{subsection.1.2}{\376\377\000E\000s\000t\000r\000u\000c\000t\000u\000r\000a\000\040\000d\000e\000l\000\040\000d\000o\000c\000u\000m\000e\000n\000t\000o}{section.1}% 3
\BOOKMARK [1][-]{section.2}{\376\377\000F\000u\000n\000d\000a\000m\000e\000n\000t\000o\000s\000\040\000d\000e\000l\000\040\000M\000a\000c\000h\000i\000n\000e\000\040\000L\000e\000a\000r\000n\000i\000n\000g\000\040\000y\000\040\000D\000e\000e\000p\000\040\000l\000e\000a\000r\000n\000i\000n\000g}{}% 4
\BOOKMARK [2][-]{subsection.2.1}{\376\377\000I\000n\000t\000e\000l\000i\000g\000e\000n\000c\000i\000a\000\040\000A\000r\000t\000i\000f\000i\000c\000i\000a\000l}{section.2}% 5
\BOOKMARK [2][-]{subsection.2.2}{\376\377\000M\000a\000c\000h\000i\000n\000e\000\040\000L\000e\000a\000r\000n\000i\000n\000g}{section.2}% 6
\BOOKMARK [3][-]{subsubsection.2.2.1}{\376\377\000T\000\351\000c\000n\000i\000c\000a\000s\000\040\000d\000e\000\040\000e\000n\000t\000r\000e\000n\000a\000m\000i\000e\000n\000t\000o}{subsection.2.2}% 7
\BOOKMARK [3][-]{subsubsection.2.2.2}{\376\377\000O\000n\000l\000i\000n\000e\000\040\000l\000e\000a\000r\000n\000i\000n\000g}{subsection.2.2}% 8
\BOOKMARK [2][-]{subsection.2.3}{\376\377\000D\000e\000e\000p\000\040\000l\000e\000a\000r\000n\000i\000n\000g}{section.2}% 9
\BOOKMARK [1][-]{section.3}{\376\377\000R\000e\000d\000e\000s\000\040\000n\000e\000u\000r\000o\000n\000a\000l\000e\000s}{}% 10
\BOOKMARK [2][-]{subsection.3.1}{\376\377\000E\000l\000\040\000P\000e\000r\000c\000e\000p\000t\000r\000o\000n}{section.3}% 11
\BOOKMARK [2][-]{subsection.3.2}{\376\377\000F\000u\000n\000c\000i\000o\000n\000e\000s\000\040\000d\000e\000\040\000a\000c\000t\000i\000v\000a\000c\000i\000\363\000n}{section.3}% 12
\BOOKMARK [2][-]{subsection.3.3}{\376\377\000E\000n\000t\000r\000e\000n\000a\000m\000i\000e\000n\000t\000o\000\040\000d\000e\000\040\000r\000e\000d\000e\000s\000\040\000n\000e\000u\000r\000o\000n\000a\000l\000e\000s\000\040\000y\000\040\000b\000a\000c\000k\000p\000r\000o\000p\000a\000g\000a\000t\000i\000o\000n}{section.3}% 13
\BOOKMARK [3][-]{subsubsection.3.3.1}{\376\377\000G\000r\000a\000d\000i\000e\000n\000t\000\040\000d\000e\000s\000c\000e\000n\000t}{subsection.3.3}% 14
\BOOKMARK [3][-]{subsubsection.3.3.2}{\376\377\000F\000u\000n\000c\000i\000o\000n\000e\000s\000\040\000d\000e\000\040\000c\000o\000s\000t\000e}{subsection.3.3}% 15
\BOOKMARK [3][-]{subsubsection.3.3.3}{\376\377\000B\000a\000c\000k\000p\000r\000o\000p\000a\000g\000a\000t\000i\000o\000n}{subsection.3.3}% 16
\BOOKMARK [2][-]{subsection.3.4}{\376\377\000S\000e\000l\000e\000c\000c\000i\000\363\000n\000\040\000d\000e\000\040\000m\000o\000d\000e\000l\000o\000s}{section.3}% 17
\BOOKMARK [2][-]{subsection.3.5}{\376\377\000T\000\351\000c\000n\000i\000c\000a\000s\000\040\000d\000e\000\040\000r\000e\000g\000u\000l\000a\000r\000i\000z\000a\000c\000i\000\363\000n}{section.3}% 18
\BOOKMARK [3][-]{subsubsection.3.5.1}{\376\377\000L\0002\000\040\000o\000\040\000W\000e\000i\000g\000h\000t\000\040\000D\000e\000c\000a\000y}{subsection.3.5}% 19
\BOOKMARK [3][-]{subsubsection.3.5.2}{\376\377\000L\0001\000\040\000o\000\040\000L\000a\000s\000s\000o}{subsection.3.5}% 20
\BOOKMARK [3][-]{subsubsection.3.5.3}{\376\377\000D\000r\000o\000p\000o\000u\000t}{subsection.3.5}% 21
\BOOKMARK [3][-]{subsubsection.3.5.4}{\376\377\000E\000a\000r\000l\000y\000\040\000s\000t\000o\000p\000p\000i\000n\000g}{subsection.3.5}% 22
\BOOKMARK [2][-]{subsection.3.6}{\376\377\000P\000r\000e\000p\000r\000o\000c\000e\000s\000a\000d\000o\000\040\000d\000e\000\040\000l\000o\000s\000\040\000d\000a\000t\000o\000s\000\040\000d\000e\000\040\000e\000n\000t\000r\000a\000d\000a}{section.3}% 23
\BOOKMARK [1][-]{section.4}{\376\377\000P\000r\000e\000d\000i\000c\000c\000i\000\363\000n\000\040\000d\000e\000\040\000s\000e\000r\000i\000e\000s\000\040\000t\000e\000m\000p\000o\000r\000a\000l\000e\000s}{}% 24
\BOOKMARK [2][-]{subsection.4.1}{\376\377\000M\000o\000d\000e\000l\000o\000s\000\040\000a\000u\000t\000o\000r\000r\000e\000g\000r\000e\000s\000i\000v\000o\000s\000\040\000d\000e\000\040\000m\000e\000d\000i\000a\000s\000\040\000m\000\363\000v\000i\000l\000e\000s}{section.4}% 25
\BOOKMARK [2][-]{subsection.4.2}{\376\377\000M\000o\000d\000e\000l\000o\000s\000\040\000d\000e\000\040\000a\000p\000r\000e\000n\000d\000i\000z\000a\000j\000e\000\040\000p\000r\000o\000f\000u\000n\000d\000o\000\040\000a\000p\000l\000i\000c\000a\000d\000o\000s\000\040\000a\000\040\000l\000a\000\040\000p\000r\000e\000d\000i\000c\000c\000i\000\363\000n\000\040\000d\000e\000\040\000s\000e\000r\000i\000e\000s\000\040\000t\000e\000m\000p\000o\000r\000a\000l\000e\000s}{section.4}% 26
\BOOKMARK [3][-]{subsubsection.4.2.1}{\376\377\000R\000e\000d\000e\000s\000\040\000n\000e\000u\000r\000o\000n\000a\000l\000e\000s\000\040\000r\000e\000c\000u\000r\000r\000e\000n\000t\000e\000s}{subsection.4.2}% 27
\BOOKMARK [3][-]{subsubsection.4.2.2}{\376\377\000M\000i\000n\000i\000b\000a\000t\000c\000h\000\040\000c\000o\000n\000\040\000l\000a\000s\000\040\000s\000e\000r\000i\000e\000s\000\040\000t\000e\000m\000p\000o\000r\000a\000l\000e\000s}{subsection.4.2}% 28
\BOOKMARK [3][-]{subsubsection.4.2.3}{\376\377\000I\000n\000c\000o\000n\000v\000e\000n\000i\000e\000n\000t\000e\000s\000\040\000d\000e\000\040\000l\000a\000s\000\040\000n\000e\000u\000r\000o\000n\000a\000s\000\040\000r\000e\000c\000u\000r\000r\000e\000n\000t\000e\000s}{subsection.4.2}% 29
\BOOKMARK [3][-]{subsubsection.4.2.4}{\376\377\000L\000S\000T\000M}{subsection.4.2}% 30
\BOOKMARK [1][-]{section.5}{\376\377\000E\000s\000t\000r\000u\000c\000t\000u\000r\000a\000s\000\040\000a\000v\000a\000n\000z\000a\000d\000a\000s\000\040\000d\000e\000\040\000D\000e\000e\000p\000\040\000L\000e\000a\000r\000n\000i\000n\000g\000\040\000p\000a\000r\000a\000\040\000l\000a\000\040\000p\000r\000e\000d\000i\000c\000c\000i\000\363\000n\000\040\000d\000e\000\040\000s\000e\000r\000i\000e\000s\000\040\000t\000e\000m\000p\000o\000r\000a\000l\000e\000s}{}% 31
\BOOKMARK [2][-]{subsection.5.1}{\376\377\000C\000N\000N\000s}{section.5}% 32
\BOOKMARK [3][-]{subsubsection.5.1.1}{\376\377\000F\000i\000l\000t\000r\000o\000s\000,\000\040\000c\000o\000n\000v\000o\000l\000u\000c\000i\000o\000n\000e\000s\000,\000\040\000n\000e\000u\000r\000o\000n\000a\000s\000,\000\040\000e\000c\000u\000a\000c\000i\000o\000n\000e\000s\000.\000.\000.}{subsection.5.1}% 33
\BOOKMARK [2][-]{subsection.5.2}{\376\377\000C\000N\000N\000+\000L\000S\000T\000M}{section.5}% 34
\BOOKMARK [3][-]{subsubsection.5.2.1}{\376\377\000N\000e\000u\000r\000o\000n\000a\000s\000,\000\040\000c\000o\000n\000e\000x\000i\000o\000n\000e\000s\000,\000\040\000e\000c\000u\000a\000c\000i\000o\000n\000e\000s\000,\000\040\000f\000l\000u\000j\000o\000\040\000d\000e\000\040\000d\000a\000t\000o\000s\000.\000.\000.}{subsection.5.2}% 35
\BOOKMARK [1][-]{section.6}{\376\377\000R\000e\000s\000u\000l\000t\000a\000d\000o\000s\000\040\000y\000\040\000d\000i\000s\000c\000u\000s\000i\000\363\000n}{}% 36
\BOOKMARK [2][-]{subsection.6.1}{\376\377\000D\000e\000s\000e\000m\000p\000e\000\361\000o\000\040\000g\000e\000n\000e\000r\000a\000l}{section.6}% 37
\BOOKMARK [2][-]{subsection.6.2}{\376\377\000A\000n\000\341\000l\000i\000s\000i\000s\000\040\000d\000e\000\040\000S\000p\000e\000a\000r\000m\000a\000n}{section.6}% 38
\BOOKMARK [3][-]{subsubsection.6.2.1}{\376\377\000N\000\372\000m\000e\000r\000o\000\040\000d\000e\000\040\000c\000e\000l\000d\000a\000s\000,\000\040\000c\000a\000p\000a\000s\000\040\000C\000N\000N\000\040\000y\000\040\000t\000a\000m\000a\000\361\000o\000\040\000d\000e\000l\000\040\000k\000e\000r\000n\000e\000l}{subsection.6.2}% 39
\BOOKMARK [3][-]{subsubsection.6.2.2}{\376\377\000l\000o\000o\000k\000\137\000b\000a\000c\000k\000\040\000y\000\040\000b\000a\000t\000c\000h\000\137\000s\000i\000z\000e}{subsection.6.2}% 40
\BOOKMARK [3][-]{subsubsection.6.2.3}{\376\377\000u\000p\000d\000a\000t\000e\000s\000\040\000y\000\040\000t\000h\000r\000e\000s\000h\000o\000l\000d}{subsection.6.2}% 41
\BOOKMARK [3][-]{subsubsection.6.2.4}{\376\377\000N\000\372\000m\000e\000r\000o\000\040\000d\000e\000\040\000f\000i\000l\000t\000r\000o\000s\000\040\000d\000e\000\040\000l\000a\000s\000\040\000c\000a\000p\000a\000s\000\040\000c\000o\000n\000v\000o\000l\000u\000c\000i\000o\000n\000a\000l\000e\000s}{subsection.6.2}% 42
\BOOKMARK [2][-]{subsection.6.3}{\376\377\000M\000e\000j\000o\000r\000\040\000m\000o\000d\000e\000l\000o}{section.6}% 43
\BOOKMARK [1][-]{section.7}{\376\377\000C\000o\000n\000c\000l\000u\000s\000i\000o\000n\000e\000s\000\040\000y\000\040\000l\000\355\000n\000e\000a\000s\000\040\000f\000u\000t\000u\000r\000a\000s}{}% 44
\BOOKMARK [1][-]{section.7}{\376\377\000R\000e\000f\000e\000r\000e\000n\000c\000i\000a\000s}{}% 45
